Component: ARM Compiler 5.06 update 5 (build 528) Tool: armlink [4d35e2]

==============================================================================

Section Cross References

    startup_stm32f40_41xxx.o(STACK) refers (Special) to heapauxi.o(.text) for __use_two_region_memory
    startup_stm32f40_41xxx.o(HEAP) refers (Special) to heapauxi.o(.text) for __use_two_region_memory
    startup_stm32f40_41xxx.o(RESET) refers (Special) to heapauxi.o(.text) for __use_two_region_memory
    startup_stm32f40_41xxx.o(RESET) refers to startup_stm32f40_41xxx.o(STACK) for __initial_sp
    startup_stm32f40_41xxx.o(RESET) refers to startup_stm32f40_41xxx.o(.text) for Reset_Handler
    startup_stm32f40_41xxx.o(RESET) refers to stm32f4xx_it.o(i.NMI_Handler) for NMI_Handler
    startup_stm32f40_41xxx.o(RESET) refers to stm32f4xx_it.o(i.HardFault_Handler) for HardFault_Handler
    startup_stm32f40_41xxx.o(RESET) refers to stm32f4xx_it.o(i.MemManage_Handler) for MemManage_Handler
    startup_stm32f40_41xxx.o(RESET) refers to stm32f4xx_it.o(i.BusFault_Handler) for BusFault_Handler
    startup_stm32f40_41xxx.o(RESET) refers to stm32f4xx_it.o(i.UsageFault_Handler) for UsageFault_Handler
    startup_stm32f40_41xxx.o(RESET) refers to port.o(.emb_text) for SVC_Handler
    startup_stm32f40_41xxx.o(RESET) refers to stm32f4xx_it.o(i.DebugMon_Handler) for DebugMon_Handler
    startup_stm32f40_41xxx.o(RESET) refers to delay.o(i.SysTick_Handler) for SysTick_Handler
    startup_stm32f40_41xxx.o(.text) refers (Special) to heapauxi.o(.text) for __use_two_region_memory
    startup_stm32f40_41xxx.o(.text) refers to system_stm32f4xx.o(i.SystemInit) for SystemInit
    startup_stm32f40_41xxx.o(.text) refers to __main.o(!!!main) for __main
    startup_stm32f40_41xxx.o(.text) refers to startup_stm32f40_41xxx.o(HEAP) for Heap_Mem
    startup_stm32f40_41xxx.o(.text) refers to startup_stm32f40_41xxx.o(STACK) for Stack_Mem
    system_stm32f4xx.o(i.SystemCoreClockUpdate) refers to system_stm32f4xx.o(.data) for .data
    system_stm32f4xx.o(i.SystemInit) refers to system_stm32f4xx.o(i.SetSysClock) for SetSysClock
    main.o(i.main) refers to system.o(i.systemInit) for systemInit
    main.o(i.main) refers to tasks.o(i.xTaskCreate) for xTaskCreate
    main.o(i.main) refers to tasks.o(i.vTaskStartScheduler) for vTaskStartScheduler
    main.o(i.main) refers to main.o(.data) for .data
    main.o(i.main) refers to main.o(i.start_task) for start_task
    main.o(i.start_task) refers to port.o(i.vPortEnterCritical) for vPortEnterCritical
    main.o(i.start_task) refers to tasks.o(i.xTaskCreate) for xTaskCreate
    main.o(i.start_task) refers to tasks.o(i.vTaskDelete) for vTaskDelete
    main.o(i.start_task) refers to port.o(i.vPortExitCritical) for vPortExitCritical
    main.o(i.start_task) refers to led.o(i.led_task) for led_task
    main.o(i.start_task) refers to buz.o(i.buz_task) for buz_task
    main.o(i.start_task) refers to show.o(i.show_task) for show_task
    main.o(i.start_task) refers to main.o(.data) for .data
    stm32f4xx_gpio.o(i.GPIO_DeInit) refers to stm32f4xx_rcc.o(i.RCC_AHB1PeriphResetCmd) for RCC_AHB1PeriphResetCmd
    stm32f4xx_i2c.o(i.I2C_DeInit) refers to stm32f4xx_rcc.o(i.RCC_APB1PeriphResetCmd) for RCC_APB1PeriphResetCmd
    stm32f4xx_i2c.o(i.I2C_Init) refers to stm32f4xx_rcc.o(i.RCC_GetClocksFreq) for RCC_GetClocksFreq
    stm32f4xx_pwr.o(i.PWR_DeInit) refers to stm32f4xx_rcc.o(i.RCC_APB1PeriphResetCmd) for RCC_APB1PeriphResetCmd
    stm32f4xx_rcc.o(i.RCC_GetClocksFreq) refers to stm32f4xx_rcc.o(.data) for .data
    stm32f4xx_rcc.o(i.RCC_WaitForHSEStartUp) refers to stm32f4xx_rcc.o(i.RCC_GetFlagStatus) for RCC_GetFlagStatus
    stm32f4xx_syscfg.o(i.SYSCFG_DeInit) refers to stm32f4xx_rcc.o(i.RCC_APB2PeriphResetCmd) for RCC_APB2PeriphResetCmd
    stm32f4xx_tim.o(i.TIM_DeInit) refers to stm32f4xx_rcc.o(i.RCC_APB2PeriphResetCmd) for RCC_APB2PeriphResetCmd
    stm32f4xx_tim.o(i.TIM_DeInit) refers to stm32f4xx_rcc.o(i.RCC_APB1PeriphResetCmd) for RCC_APB1PeriphResetCmd
    stm32f4xx_tim.o(i.TIM_ETRClockMode1Config) refers to stm32f4xx_tim.o(i.TIM_ETRConfig) for TIM_ETRConfig
    stm32f4xx_tim.o(i.TIM_ETRClockMode2Config) refers to stm32f4xx_tim.o(i.TIM_ETRConfig) for TIM_ETRConfig
    stm32f4xx_tim.o(i.TIM_ICInit) refers to stm32f4xx_tim.o(i.TIM_SetIC4Prescaler) for TIM_SetIC4Prescaler
    stm32f4xx_tim.o(i.TIM_ICInit) refers to stm32f4xx_tim.o(i.TI1_Config) for TI1_Config
    stm32f4xx_tim.o(i.TIM_ICInit) refers to stm32f4xx_tim.o(i.TIM_SetIC1Prescaler) for TIM_SetIC1Prescaler
    stm32f4xx_tim.o(i.TIM_ICInit) refers to stm32f4xx_tim.o(i.TI2_Config) for TI2_Config
    stm32f4xx_tim.o(i.TIM_ICInit) refers to stm32f4xx_tim.o(i.TIM_SetIC2Prescaler) for TIM_SetIC2Prescaler
    stm32f4xx_tim.o(i.TIM_ICInit) refers to stm32f4xx_tim.o(i.TIM_SetIC3Prescaler) for TIM_SetIC3Prescaler
    stm32f4xx_tim.o(i.TIM_ITRxExternalClockConfig) refers to stm32f4xx_tim.o(i.TIM_SelectInputTrigger) for TIM_SelectInputTrigger
[...]
    ../clib/printf_percent.s                 0x00000000   Number         0  _printf_d.o ABSOLUTE
    ../clib/printf_percent.s                 0x00000000   Number         0  _printf_c.o ABSOLUTE
    ../clib/signal.c                         0x00000000   Number         0  defsig_rtmem_formal.o ABSOLUTE
    ../clib/signal.c                         0x00000000   Number         0  defsig_pvfn_inner.o ABSOLUTE
    ../clib/signal.c                         0x00000000   Number         0  defsig_stak_inner.o ABSOLUTE
    ../clib/signal.c                         0x00000000   Number         0  defsig_rtred_inner.o ABSOLUTE
    ../clib/signal.c                         0x00000000   Number         0  defsig_fpe_inner.o ABSOLUTE
    ../clib/signal.c                         0x00000000   Number         0  defsig_cppl_inner.o ABSOLUTE
    ../clib/signal.c                         0x00000000   Number         0  defsig_other.o ABSOLUTE
    ../clib/signal.c                         0x00000000   Number         0  defsig_abrt_inner.o ABSOLUTE
    ../clib/signal.c                         0x00000000   Number         0  defsig_general.o ABSOLUTE
    ../clib/signal.c                         0x00000000   Number         0  __raise.o ABSOLUTE
    ../clib/signal.c                         0x00000000   Number         0  defsig_rtmem_inner.o ABSOLUTE
    ../clib/signal.c                         0x00000000   Number         0  defsig_exit.o ABSOLUTE
    ../clib/signal.c                         0x00000000   Number         0  defsig_segv_inner.o ABSOLUTE
    ../clib/signal.c                         0x00000000   Number         0  defsig_rtmem_outer.o ABSOLUTE
    ../clib/signal.s                         0x00000000   Number         0  defsig.o ABSOLUTE
    ../clib/stdlib.c                         0x00000000   Number         0  exit.o ABSOLUTE
    ../clib/string.c                         0x00000000   Number         0  strcpy.o ABSOLUTE
    ../clib/string.c                         0x00000000   Number         0  strlen.o ABSOLUTE
    ../fplib/fpinit.s                        0x00000000   Number         0  fpinit.o ABSOLUTE
    CORE\\stm32f4xx_it.c                     0x00000000   Number         0  stm32f4xx_it.o ABSOLUTE
    CORE\\system_stm32f4xx.c                 0x00000000   Number         0  system_stm32f4xx.o ABSOLUTE
    CORE\stm32f4xx_it.c                      0x00000000   Number         0  stm32f4xx_it.o ABSOLUTE
    CORE\system_stm32f4xx.c                  0x00000000   Number         0  system_stm32f4xx.o ABSOLUTE
    FreeRTOS_CORE\\croutine.c                0x00000000   Number         0  croutine.o ABSOLUTE
    FreeRTOS_CORE\\event_groups.c            0x00000000   Number         0  event_groups.o ABSOLUTE
    FreeRTOS_CORE\\list.c                    0x00000000   Number         0  list.o ABSOLUTE
    FreeRTOS_CORE\\queue.c                   0x00000000   Number         0  queue.o ABSOLUTE
    FreeRTOS_CORE\\tasks.c                   0x00000000   Number         0  tasks.o ABSOLUTE
    FreeRTOS_CORE\\timers.c                  0x00000000   Number         0  timers.o ABSOLUTE
    FreeRTOS_CORE\croutine.c                 0x00000000   Number         0  croutine.o ABSOLUTE
    FreeRTOS_CORE\event_groups.c             0x00000000   Number         0  event_groups.o ABSOLUTE
    FreeRTOS_CORE\list.c                     0x00000000   Number         0  list.o ABSOLUTE
    FreeRTOS_CORE\queue.c                    0x00000000   Number         0  queue.o ABSOLUTE
    FreeRTOS_CORE\tasks.c                    0x00000000   Number         0  tasks.o ABSOLUTE
    FreeRTOS_CORE\timers.c                   0x00000000   Number         0  timers.o ABSOLUTE
    FreeRTOS_PORTABLE\\heap_4.c              0x00000000   Number         0  heap_4.o ABSOLUTE
    FreeRTOS_PORTABLE\\port.c                0x00000000   Number         0  port.o ABSOLUTE
    FreeRTOS_PORTABLE\heap_4.c               0x00000000   Number         0  heap_4.o ABSOLUTE
    FreeRTOS_PORTABLE\port.c                 0x00000000   Number         0  port.o ABSOLUTE
    Hardware\\buz.c                          0x00000000   Number         0  buz.o ABSOLUTE
    Hardware\\led.c                          0x00000000   Number         0  led.o ABSOLUTE
    Hardware\\oled.c                         0x00000000   Number         0  oled.o ABSOLUTE
    Hardware\\show.c                         0x00000000   Number         0  show.o ABSOLUTE
    Hardware\buz.c                           0x00000000   Number         0  buz.o ABSOLUTE
    Hardware\led.c                           0x00000000   Number         0  led.o ABSOLUTE
    Hardware\oled.c                          0x00000000   Number         0  oled.o ABSOLUTE
    Hardware\show.c                          0x00000000   Number         0  show.o ABSOLUTE
    STM32F4xx_Driver\\src\\misc.c            0x00000000   Number         0  misc.o ABSOLUTE
    STM32F4xx_Driver\\src\\stm32f4xx_gpio.c  0x00000000   Number         0  stm32f4xx_gpio.o ABSOLUTE
    STM32F4xx_Driver\\src\\stm32f4xx_i2c.c   0x00000000   Number         0  stm32f4xx_i2c.o ABSOLUTE
    STM32F4xx_Driver\\src\\stm32f4xx_pwr.c   0x00000000   Number         0  stm32f4xx_pwr.o ABSOLUTE
    STM32F4xx_Driver\\src\\stm32f4xx_rcc.c   0x00000000   Number         0  stm32f4xx_rcc.o ABSOLUTE
    STM32F4xx_Driver\\src\\stm32f4xx_syscfg.c 0x00000000   Number         0  stm32f4xx_syscfg.o ABSOLUTE
    STM32F4xx_Driver\\src\\stm32f4xx_tim.c   0x00000000   Number         0  stm32f4xx_tim.o ABSOLUTE
    STM32F4xx_Driver\\src\\stm32f4xx_usart.c 0x00000000   Number         0  stm32f4xx_usart.o ABSOLUTE
    STM32F4xx_Driver\src\misc.c              0x00000000   Number         0  misc.o ABSOLUTE
    STM32F4xx_Driver\src\stm32f4xx_gpio.c    0x00000000   Number         0  stm32f4xx_gpio.o ABSOLUTE
    STM32F4xx_Driver\src\stm32f4xx_i2c.c     0x00000000   Number         0  stm32f4xx_i2c.o ABSOLUTE
    STM32F4xx_Driver\src\stm32f4xx_pwr.c     0x00000000   Number         0  stm32f4xx_pwr.o ABSOLUTE
    STM32F4xx_Driver\src\stm32f4xx_rcc.c     0x00000000   Number         0  stm32f4xx_rcc.o ABSOLUTE
    STM32F4xx_Driver\src\stm32f4xx_syscfg.c  0x00000000   Number         0  stm32f4xx_syscfg.o ABSOLUTE
    STM32F4xx_Driver\src\stm32f4xx_tim.c     0x00000000   Number         0  stm32f4xx_tim.o ABSOLUTE
    STM32F4xx_Driver\src\stm32f4xx_usart.c   0x00000000   Number         0  stm32f4xx_usart.o ABSOLUTE
    SYSTEM\\delay\\delay.c                   0x00000000   Number         0  delay.o ABSOLUTE
    SYSTEM\\sys\\sys.c                       0x00000000   Number         0  sys.o ABSOLUTE
    SYSTEM\\sys\\system.c                    0x00000000   Number         0  system.o ABSOLUTE
    SYSTEM\delay\delay.c                     0x00000000   Number         0  delay.o ABSOLUTE
    SYSTEM\sys\sys.c                         0x00000000   Number         0  sys.o ABSOLUTE
    SYSTEM\sys\system.c                      0x00000000   Number         0  system.o ABSOLUTE
    dc.s                                     0x00000000   Number         0  dc.o ABSOLUTE
    main.c                                   0x00000000   Number         0  main.o ABSOLUTE
    main.c                                   0x00000000   Number         0  main.o ABSOLUTE
    startup_stm32f40_41xxx.s                 0x00000000   Number         0  startup_stm32f40_41xxx.o ABSOLUTE
    RESET                                    0x08000000   Section      392  startup_stm32f40_41xxx.o(RESET)
    !!!main                                  0x08000188   Section        8  __main.o(!!!main)
    !!!scatter                               0x08000190   Section       52  __scatter.o(!!!scatter)
    !!handler_copy                           0x080001c4   Section       26  __scatter_copy.o(!!handler_copy)
    !!handler_zi                             0x080001e0   Section       28  __scatter_zi.o(!!handler_zi)
    .ARM.Collect$$_printf_percent$$00000000  0x080001fc   Section        0  _printf_percent.o(.ARM.Collect$$_printf_percent$$00000000)
    .ARM.Collect$$_printf_percent$$00000009  0x080001fc   Section        6  _printf_d.o(.ARM.Collect$$_printf_percent$$00000009)
    .ARM.Collect$$_printf_percent$$00000017  0x08000202   Section        4  _printf_percent_end.o(.ARM.Collect$$_printf_percent$$00000017)
    .ARM.Collect$$libinit$$00000000          0x08000206   Section        2  libinit.o(.ARM.Collect$$libinit$$00000000)
    .ARM.Collect$$libinit$$00000001          0x08000208   Section        4  libinit2.o(.ARM.Collect$$libinit$$00000001)
    .ARM.Collect$$libinit$$00000004          0x0800020c   Section        0  libinit2.o(.ARM.Collect$$libinit$$00000004)
    .ARM.Collect$$libinit$$0000000A          0x0800020c   Section        0  libinit2.o(.ARM.Collect$$libinit$$0000000A)
    .ARM.Collect$$libinit$$0000000C          0x0800020c   Section        0  libinit2.o(.ARM.Collect$$libinit$$0000000C)
    .ARM.Collect$$libinit$$0000000E          0x0800020c   Section        0  libinit2.o(.ARM.Collect$$libinit$$0000000E)
    .ARM.Collect$$libinit$$00000011          0x0800020c   Section        0  libinit2.o(.ARM.Collect$$libinit$$00000011)
    .ARM.Collect$$libinit$$00000013          0x0800020c   Section        0  libinit2.o(.ARM.Collect$$libinit$$00000013)
    .ARM.Collect$$libinit$$00000015          0x0800020c   Section        0  libinit2.o(.ARM.Collect$$libinit$$00000015)
    .ARM.Collect$$libinit$$00000017          0x0800020c   Section        0  libinit2.o(.ARM.Collect$$libinit$$00000017)
    .ARM.Collect$$libinit$$00000019          0x0800020c   Section        0  libinit2.o(.ARM.Collect$$libinit$$00000019)
    .ARM.Collect$$libinit$$0000001B          0x0800020c   Section        0  libinit2.o(.ARM.Collect$$libinit$$0000001B)
    .ARM.Collect$$libinit$$0000001D          0x0800020c   Section        0  libinit2.o(.ARM.Collect$$libinit$$0000001D)
    .ARM.Collect$$libinit$$0000001F          0x0800020c   Section        0  libinit2.o(.ARM.Collect$$libinit$$0000001F)
    .ARM.Collect$$libinit$$00000021          0x0800020c   Section        0  libinit2.o(.ARM.Collect$$libinit$$00000021)
    .ARM.Collect$$libinit$$00000023          0x0800020c   Section        0  libinit2.o(.ARM.Collect$$libinit$$00000023)
    .ARM.Collect$$libinit$$00000025          0x0800020c   Section        0  libinit2.o(.ARM.Collect$$libinit$$00000025)
    .ARM.Collect$$libinit$$0000002C          0x0800020c   Section        0  libinit2.o(.ARM.Collect$$libinit$$0000002C)
    .ARM.Collect$$libinit$$0000002E          0x0800020c   Section        0  libinit2.o(.ARM.Collect$$libinit$$0000002E)
    .ARM.Collect$$libinit$$00000030          0x0800020c   Section        0  libinit2.o(.ARM.Collect$$libinit$$00000030)
    .ARM.Collect$$libinit$$00000032          0x0800020c   Section        0  libinit2.o(.ARM.Collect$$libinit$$00000032)
    .ARM.Collect$$libinit$$00000033          0x0800020c   Section        2  libinit2.o(.ARM.Collect$$libinit$$00000033)
    .ARM.Collect$$libshutdown$$00000000      0x0800020e   Section        2  libshutdown.o(.ARM.Collect$$libshutdown$$00000000)
    .ARM.Collect$$libshutdown$$00000002      0x08000210   Section        0  libshutdown2.o(.ARM.Collect$$libshutdown$$00000002)
    .ARM.Collect$$libshutdown$$00000004      0x08000210   Section        0  libshutdown2.o(.ARM.Collect$$libshutdown$$00000004)
    .ARM.Collect$$libshutdown$$00000007      0x08000210   Section        0  libshutdown2.o(.ARM.Collect$$libshutdown$$00000007)
    .ARM.Collect$$libshutdown$$0000000A      0x08000210   Section        0  libshutdown2.o(.ARM.Collect$$libshutdown$$0000000A)
    .ARM.Collect$$libshutdown$$0000000C      0x08000210   Section        0  libshutdown2.o(.ARM.Collect$$libshutdown$$0000000C)
    .ARM.Collect$$libshutdown$$0000000F      0x08000210   Section        0  libshutdown2.o(.ARM.Collect$$libshutdown$$0000000F)
    .ARM.Collect$$libshutdown$$00000010      0x08000210   Section        2  libshutdown2.o(.ARM.Collect$$libshutdown$$00000010)
    .ARM.Collect$$rtentry$$00000000          0x08000212   Section        0  __rtentry.o(.ARM.Collect$$rtentry$$00000000)
    .ARM.Collect$$rtentry$$00000002          0x08000212   Section        0  __rtentry2.o(.ARM.Collect$$rtentry$$00000002)
    .ARM.Collect$$rtentry$$00000004          0x08000212   Section        6  __rtentry4.o(.ARM.Collect$$rtentry$$00000004)
    .ARM.Collect$$rtentry$$00000009          0x08000218   Section        0  __rtentry2.o(.ARM.Collect$$rtentry$$00000009)
    .ARM.Collect$$rtentry$$0000000A          0x08000218   Section        4  __rtentry2.o(.ARM.Collect$$rtentry$$0000000A)
    .ARM.Collect$$rtentry$$0000000C          0x0800021c   Section        0  __rtentry2.o(.ARM.Collect$$rtentry$$0000000C)
    .ARM.Collect$$rtentry$$0000000D          0x0800021c   Section        8  __rtentry2.o(.ARM.Collect$$rtentry$$0000000D)
    .ARM.Collect$$rtexit$$00000000           0x08000224   Section        2  rtexit.o(.ARM.Collect$$rtexit$$00000000)
    .ARM.Collect$$rtexit$$00000002           0x08000226   Section        0  rtexit2.o(.ARM.Collect$$rtexit$$00000002)
    .ARM.Collect$$rtexit$$00000003           0x08000226   Section        4  rtexit2.o(.ARM.Collect$$rtexit$$00000003)
    .ARM.Collect$$rtexit$$00000004           0x0800022a   Section        6  rtexit2.o(.ARM.Collect$$rtexit$$00000004)
    .emb_text                                0x08000230   Section      190  port.o(.emb_text)
    $v0                                      0x08000230   Number         0  port.o(.emb_text)
    .text                                    0x080002f0   Section       64  startup_stm32f40_41xxx.o(.text)
    $v0                                      0x080002f0   Number         0  startup_stm32f40_41xxx.o(.text)
    .text                                    0x08000330   Section        0  noretval__2sprintf.o(.text)
    .text                                    0x08000358   Section        0  _printf_pad.o(.text)
    .text                                    0x080003a8   Section        0  _printf_dec.o(.text)
    .text                                    0x08000420   Section        0  __printf_wp.o(.text)
    .text                                    0x0800052e   Section      138  rt_memcpy_v6.o(.text)
    .text                                    0x080005b8   Section      100  rt_memcpy_w.o(.text)
    .text                                    0x0800061c   Section       16  aeabi_memset.o(.text)
    .text                                    0x0800062c   Section       68  rt_memclr.o(.text)
    .text                                    0x08000670   Section       78  rt_memclr_w.o(.text)
    .text                                    0x080006be   Section        0  heapauxi.o(.text)
    .text                                    0x080006c4   Section        0  _printf_intcommon.o(.text)
    .text                                    0x08000778   Section        0  _printf_char_common.o(.text)
    _printf_input_char                       0x08000779   Thumb Code    10  _printf_char_common.o(.text)
    .text                                    0x080007a8   Section        0  _sputc.o(.text)
    .text                                    0x080007b2   Section       74  sys_stackheap_outer.o(.text)
    .text                                    0x080007fc   Section        0  exit.o(.text)
    .text                                    0x08000810   Section        8  libspace.o(.text)
    .text                                    0x08000818   Section        0  sys_exit.o(.text)
    .text                                    0x08000824   Section        2  use_no_semi.o(.text)
    .text                                    0x08000826   Section        0  indicate_semi.o(.text)
    i.BusFault_Handler                       0x08000826   Section        0  stm32f4xx_it.o(i.BusFault_Handler)
    i.Buz_Init                               0x08000828   Section        0  buz.o(i.Buz_Init)
    i.DebugMon_Handler                       0x08000868   Section        0  stm32f4xx_it.o(i.DebugMon_Handler)
    i.GPIO_Init                              0x0800086a   Section        0  stm32f4xx_gpio.o(i.GPIO_Init)
    i.GPIO_SetBits                           0x080008e2   Section        0  stm32f4xx_gpio.o(i.GPIO_SetBits)
    i.HardFault_Handler                      0x080008e6   Section        0  stm32f4xx_it.o(i.HardFault_Handler)
    i.LED_Init                               0x080008e8   Section        0  led.o(i.LED_Init)
    i.MemManage_Handler                      0x08000928   Section        0  stm32f4xx_it.o(i.MemManage_Handler)
    i.NMI_Handler                            0x0800092a   Section        0  stm32f4xx_it.o(i.NMI_Handler)
    i.NVIC_PriorityGroupConfig               0x0800092c   Section        0  misc.o(i.NVIC_PriorityGroupConfig)
    i.OLED_Clear                             0x08000940   Section        0  oled.o(i.OLED_Clear)
    i.OLED_DrawPoint                         0x0800096c   Section        0  oled.o(i.OLED_DrawPoint)
    i.OLED_Init                              0x080009a8   Section        0  oled.o(i.OLED_Init)
    i.OLED_Refresh_Gram                      0x08000ad8   Section        0  oled.o(i.OLED_Refresh_Gram)
    i.OLED_ShowChar                          0x08000b20   Section        0  oled.o(i.OLED_ShowChar)
    i.OLED_ShowString                        0x08000ba4   Section        0  oled.o(i.OLED_ShowString)
    i.OLED_WR_Byte                           0x08000be4   Section        0  oled.o(i.OLED_WR_Byte)
    i.PWR_BackupAccessCmd                    0x08000c28   Section        0  stm32f4xx_pwr.o(i.PWR_BackupAccessCmd)
    i.RCC_AHB1PeriphClockCmd                 0x08000c34   Section        0  stm32f4xx_rcc.o(i.RCC_AHB1PeriphClockCmd)
    i.RCC_APB1PeriphClockCmd                 0x08000c4c   Section        0  stm32f4xx_rcc.o(i.RCC_APB1PeriphClockCmd)
    i.RCC_LSEConfig                          0x08000c64   Section        0  stm32f4xx_rcc.o(i.RCC_LSEConfig)
    i.SetSysClock                            0x08000c80   Section        0  system_stm32f4xx.o(i.SetSysClock)
    SetSysClock                              0x08000c81   Thumb Code   162  system_stm32f4xx.o(i.SetSysClock)
    i.SysTick_CLKSourceConfig                0x08000d34   Section        0  misc.o(i.SysTick_CLKSourceConfig)
    i.SysTick_Handler                        0x08000d4c   Section        0  delay.o(i.SysTick_Handler)
    i.SystemInit                             0x08000d60   Section        0  system_stm32f4xx.o(i.SystemInit)
    i.UsageFault_Handler                     0x08000dbc   Section        0  stm32f4xx_it.o(i.UsageFault_Handler)
    i._is_digit                              0x08000dbe   Section        0  __printf_wp.o(i._is_digit)
    i.buz_task                               0x08000dcc   Section        0  buz.o(i.buz_task)
    i.delay_init                             0x08000dec   Section        0  delay.o(i.delay_init)
    i.delay_ms                               0x08000e24   Section        0  delay.o(i.delay_ms)
    i.delay_us                               0x08000e5c   Section        0  delay.o(i.delay_us)
    i.getSysTickCnt                          0x08000e90   Section        0  delay.o(i.getSysTickCnt)
    i.led_task                               0x08000eac   Section        0  led.o(i.led_task)
    i.main                                   0x08000ecc   Section        0  main.o(i.main)
    i.oled_show                              0x08000f04   Section        0  show.o(i.oled_show)
    i.prvAddCurrentTaskToDelayedList         0x08000f7c   Section        0  tasks.o(i.prvAddCurrentTaskToDelayedList)
    prvAddCurrentTaskToDelayedList           0x08000f7d   Thumb Code   128  tasks.o(i.prvAddCurrentTaskToDelayedList)
    i.prvAddNewTaskToReadyList               0x08001004   Section        0  tasks.o(i.prvAddNewTaskToReadyList)
    prvAddNewTaskToReadyList                 0x08001005   Thumb Code   224  tasks.o(i.prvAddNewTaskToReadyList)
    i.prvCheckForValidListAndQueue           0x080010f4   Section        0  timers.o(i.prvCheckForValidListAndQueue)
    prvCheckForValidListAndQueue             0x080010f5   Thumb Code    62  timers.o(i.prvCheckForValidListAndQueue)
    i.prvCopyDataFromQueue                   0x08001144   Section        0  queue.o(i.prvCopyDataFromQueue)
    prvCopyDataFromQueue                     0x08001145   Thumb Code    38  queue.o(i.prvCopyDataFromQueue)
    i.prvCopyDataToQueue                     0x0800116a   Section        0  queue.o(i.prvCopyDataToQueue)
    prvCopyDataToQueue                       0x0800116b   Thumb Code   108  queue.o(i.prvCopyDataToQueue)
    i.prvDeleteTCB                           0x080011d6   Section        0  tasks.o(i.prvDeleteTCB)
    prvDeleteTCB                             0x080011d7   Thumb Code    20  tasks.o(i.prvDeleteTCB)
    i.prvHeapInit                            0x080011ec   Section        0  heap_4.o(i.prvHeapInit)
    prvHeapInit                              0x080011ed   Thumb Code    60  heap_4.o(i.prvHeapInit)
    i.prvIdleTask                            0x08001230   Section        0  tasks.o(i.prvIdleTask)
    prvIdleTask                              0x08001231   Thumb Code    80  tasks.o(i.prvIdleTask)
    i.prvInitialiseNewTask                   0x0800128c   Section        0  tasks.o(i.prvInitialiseNewTask)
    prvInitialiseNewTask                     0x0800128d   Thumb Code   132  tasks.o(i.prvInitialiseNewTask)
    i.prvInsertBlockIntoFreeList             0x08001310   Section        0  heap_4.o(i.prvInsertBlockIntoFreeList)
    prvInsertBlockIntoFreeList               0x08001311   Thumb Code    72  heap_4.o(i.prvInsertBlockIntoFreeList)
    i.prvInsertTimerInActiveList             0x0800135c   Section        0  timers.o(i.prvInsertTimerInActiveList)
    prvInsertTimerInActiveList               0x0800135d   Thumb Code    52  timers.o(i.prvInsertTimerInActiveList)
    i.prvIsQueueEmpty                        0x08001394   Section        0  queue.o(i.prvIsQueueEmpty)
    prvIsQueueEmpty                          0x08001395   Thumb Code    26  queue.o(i.prvIsQueueEmpty)
    i.prvNotifyQueueSetContainer             0x080013ae   Section        0  queue.o(i.prvNotifyQueueSetContainer)
    prvNotifyQueueSetContainer               0x080013af   Thumb Code    78  queue.o(i.prvNotifyQueueSetContainer)
    i.prvProcessExpiredTimer                 0x080013fc   Section        0  timers.o(i.prvProcessExpiredTimer)
    prvProcessExpiredTimer                   0x080013fd   Thumb Code    58  timers.o(i.prvProcessExpiredTimer)
    i.prvProcessReceivedCommands             0x0800143c   Section        0  timers.o(i.prvProcessReceivedCommands)
    prvProcessReceivedCommands               0x0800143d   Thumb Code   222  timers.o(i.prvProcessReceivedCommands)
    i.prvProcessTimerOrBlockTask             0x08001520   Section        0  timers.o(i.prvProcessTimerOrBlockTask)
    prvProcessTimerOrBlockTask               0x08001521   Thumb Code    98  timers.o(i.prvProcessTimerOrBlockTask)
    i.prvReloadTimer                         0x0800158c   Section        0  timers.o(i.prvReloadTimer)
    prvReloadTimer                           0x0800158d   Thumb Code    40  timers.o(i.prvReloadTimer)
    i.prvResetNextTaskUnblockTime            0x080015b4   Section        0  tasks.o(i.prvResetNextTaskUnblockTime)
    prvResetNextTaskUnblockTime              0x080015b5   Thumb Code    24  tasks.o(i.prvResetNextTaskUnblockTime)
    i.prvSampleTimeNow                       0x080015d0   Section        0  timers.o(i.prvSampleTimeNow)
    prvSampleTimeNow                         0x080015d1   Thumb Code    66  timers.o(i.prvSampleTimeNow)
    i.prvTaskExitError                       0x08001618   Section        0  port.o(i.prvTaskExitError)
    prvTaskExitError                         0x08001619   Thumb Code    16  port.o(i.prvTaskExitError)
    i.prvTimerTask                           0x08001628   Section        0  timers.o(i.prvTimerTask)
    prvTimerTask                             0x08001629   Thumb Code    34  timers.o(i.prvTimerTask)
    i.prvUnlockQueue                         0x08001650   Section        0  queue.o(i.prvUnlockQueue)
    prvUnlockQueue                           0x08001651   Thumb Code   118  queue.o(i.prvUnlockQueue)
    i.pvPortMalloc                           0x080016c8   Section        0  heap_4.o(i.pvPortMalloc)
    i.pxPortInitialiseStack                  0x08001760   Section        0  port.o(i.pxPortInitialiseStack)
    i.show_task                              0x0800178c   Section        0  show.o(i.show_task)
    i.start_task                             0x080017a4   Section        0  main.o(i.start_task)
    i.systemInit                             0x08001824   Section        0  system.o(i.systemInit)
    i.uxListRemove                           0x08001844   Section        0  list.o(i.uxListRemove)
    i.uxTaskGetNumberOfTasks                 0x0800186c   Section        0  tasks.o(i.uxTaskGetNumberOfTasks)
    i.vListInitialise                        0x08001878   Section        0  list.o(i.vListInitialise)
    i.vListInitialiseItem                    0x0800188e   Section        0  list.o(i.vListInitialiseItem)
    i.vListInsert                            0x08001894   Section        0  list.o(i.vListInsert)
    i.vListInsertEnd                         0x080018c4   Section        0  list.o(i.vListInsertEnd)
    i.vPortEnterCritical                     0x080018dc   Section        0  port.o(i.vPortEnterCritical)
    i.vPortExitCritical                      0x08001904   Section        0  port.o(i.vPortExitCritical)
    i.vPortFree                              0x08001918   Section        0  heap_4.o(i.vPortFree)
    i.vPortSetupTimerInterrupt               0x0800195c   Section        0  port.o(i.vPortSetupTimerInterrupt)
    i.vQueueAddToRegistry                    0x08001980   Section        0  queue.o(i.vQueueAddToRegistry)
    i.vQueueWaitForMessageRestricted         0x080019bc   Section        0  queue.o(i.vQueueWaitForMessageRestricted)
    i.vTaskDelay                             0x08001a00   Section        0  tasks.o(i.vTaskDelay)
    i.vTaskDelete                            0x08001a38   Section        0  tasks.o(i.vTaskDelete)
    i.vTaskInternalSetTimeOutState           0x08001ad8   Section        0  tasks.o(i.vTaskInternalSetTimeOutState)
    i.vTaskMissedYield                       0x08001ae8   Section        0  tasks.o(i.vTaskMissedYield)
    i.vTaskPlaceOnEventList                  0x08001af4   Section        0  tasks.o(i.vTaskPlaceOnEventList)
    i.vTaskPlaceOnEventListRestricted        0x08001b18   Section        0  tasks.o(i.vTaskPlaceOnEventListRestricted)
    i.vTaskStartScheduler                    0x08001b58   Section        0  tasks.o(i.vTaskStartScheduler)
    i.vTaskSuspendAll                        0x08001bb0   Section        0  tasks.o(i.vTaskSuspendAll)
    i.vTaskSwitchContext                     0x08001bc0   Section        0  tasks.o(i.vTaskSwitchContext)
    i.xPortStartScheduler                    0x08001c08   Section        0  port.o(i.xPortStartScheduler)
    i.xPortSysTickHandler                    0x08001ca4   Section        0  port.o(i.xPortSysTickHandler)
    i.xQueueGenericCreate                    0x08001cd0   Section        0  queue.o(i.xQueueGenericCreate)
    i.xQueueGenericReset                     0x08001d24   Section        0  queue.o(i.xQueueGenericReset)
    i.xQueueReceive                          0x08001db8   Section        0  queue.o(i.xQueueReceive)
    i.xTaskCheckForTimeOut                   0x08001eac   Section        0  tasks.o(i.xTaskCheckForTimeOut)
    i.xTaskCreate                            0x08001f04   Section        0  tasks.o(i.xTaskCreate)
    i.xTaskDelayUntil                        0x08001f60   Section        0  tasks.o(i.xTaskDelayUntil)
    i.xTaskGetSchedulerState                 0x08001fb8   Section        0  tasks.o(i.xTaskGetSchedulerState)
    i.xTaskGetTickCount                      0x08001fd4   Section        0  tasks.o(i.xTaskGetTickCount)
    i.xTaskIncrementTick                     0x08001fe0   Section        0  tasks.o(i.xTaskIncrementTick)
    i.xTaskPriorityDisinherit                0x080020f4   Section        0  tasks.o(i.xTaskPriorityDisinherit)
    i.xTaskRemoveFromEventList               0x08002184   Section        0  tasks.o(i.xTaskRemoveFromEventList)
    i.xTaskResumeAll                         0x08002250   Section        0  tasks.o(i.xTaskResumeAll)
    i.xTimerCreateTimerTask                  0x08002368   Section        0  timers.o(i.xTimerCreateTimerTask)
    x$fpl$fpinit                             0x080023a4   Section       10  fpinit.o(x$fpl$fpinit)
    $v0                                      0x080023a4   Number         0  fpinit.o(x$fpl$fpinit)
    .constdata                               0x080023ae   Section     2660  oled.o(.constdata)
    .constdata                               0x08002e14   Section       20  show.o(.constdata)
    .data                                    0x20000000   Section       20  system_stm32f4xx.o(.data)
    .data                                    0x20000014   Section        4  main.o(.data)
    .data                                    0x20000018   Section        8  delay.o(.data)
    fac_us                                   0x20000018   Data           1  delay.o(.data)
    fac_ms                                   0x2000001a   Data           2  delay.o(.data)
    sysTickCnt                               0x2000001c   Data           4  delay.o(.data)
    .data                                    0x20000020   Section        4  led.o(.data)
    .data                                    0x20000024   Section        4  buz.o(.data)
    .data                                    0x20000028   Section        4  show.o(.data)
    .data                                    0x2000002c   Section       64  tasks.o(.data)
    uxDeletedTasksWaitingCleanUp             0x20000030   Data           4  tasks.o(.data)
    uxCurrentNumberOfTasks                   0x20000034   Data           4  tasks.o(.data)
    xTickCount                               0x20000038   Data           4  tasks.o(.data)
    uxTopReadyPriority                       0x2000003c   Data           4  tasks.o(.data)
    xSchedulerRunning                        0x20000040   Data           4  tasks.o(.data)
    xPendedTicks                             0x20000044   Data           4  tasks.o(.data)
    xYieldPending                            0x20000048   Data           4  tasks.o(.data)
    xNumOfOverflows                          0x2000004c   Data           4  tasks.o(.data)
    uxTaskNumber                             0x20000050   Data           4  tasks.o(.data)
    xNextTaskUnblockTime                     0x20000054   Data           4  tasks.o(.data)
    xIdleTaskHandle                          0x20000058   Data           4  tasks.o(.data)
    uxSchedulerSuspended                     0x20000060   Data           4  tasks.o(.data)
    pxDelayedTaskList                        0x20000064   Data           4  tasks.o(.data)
    pxOverflowDelayedTaskList                0x20000068   Data           4  tasks.o(.data)
    .data                                    0x2000006c   Section       20  timers.o(.data)
    xTimerQueue                              0x2000006c   Data           4  timers.o(.data)
    xTimerTaskHandle                         0x20000070   Data           4  timers.o(.data)
    xLastTime                                0x20000074   Data           4  timers.o(.data)
    pxCurrentTimerList                       0x20000078   Data           4  timers.o(.data)
    pxOverflowTimerList                      0x2000007c   Data           4  timers.o(.data)
    .data                                    0x20000080   Section       28  heap_4.o(.data)
    pxEnd                                    0x20000080   Data           4  heap_4.o(.data)
    xFreeBytesRemaining                      0x20000084   Data           4  heap_4.o(.data)
    xMinimumEverFreeBytesRemaining           0x20000088   Data           4  heap_4.o(.data)
    xNumberOfSuccessfulAllocations           0x2000008c   Data           4  heap_4.o(.data)
    xNumberOfSuccessfulFrees                 0x20000090   Data           4  heap_4.o(.data)
    xStart                                   0x20000094   Data           8  heap_4.o(.data)
    .data                                    0x2000009c   Section       12  port.o(.data)
    ucMaxSysCallPriority                     0x2000009c   Data           1  port.o(.data)
    uxCriticalNesting                        0x200000a0   Data           4  port.o(.data)
    ulMaxPRIGROUPValue                       0x200000a4   Data           4  port.o(.data)
    .bss                                     0x200000a8   Section     1024  oled.o(.bss)
    .bss                                     0x200004a8   Section       64  queue.o(.bss)
    .bss                                     0x200004e8   Section      740  tasks.o(.bss)
    pxReadyTasksLists                        0x200004e8   Data         640  tasks.o(.bss)
    xDelayedTaskList1                        0x20000768   Data          20  tasks.o(.bss)
    xDelayedTaskList2                        0x2000077c   Data          20  tasks.o(.bss)
    xPendingReadyList                        0x20000790   Data          20  tasks.o(.bss)
    xTasksWaitingTermination                 0x200007a4   Data          20  tasks.o(.bss)
    xSuspendedTaskList                       0x200007b8   Data          20  tasks.o(.bss)
    .bss                                     0x200007cc   Section       40  timers.o(.bss)
    xActiveTimerList1                        0x200007cc   Data          20  timers.o(.bss)
    xActiveTimerList2                        0x200007e0   Data          20  timers.o(.bss)
    .bss                                     0x200007f4   Section    20480  heap_4.o(.bss)
    ucHeap                                   0x200007f4   Data       20480  heap_4.o(.bss)
    .bss                                     0x200057f4   Section       96  libspace.o(.bss)
    HEAP                                     0x20005858   Section      512  startup_stm32f40_41xxx.o(HEAP)
    Heap_Mem                                 0x20005858   Data         512  startup_stm32f40_41xxx.o(HEAP)
    STACK                                    0x20005a58   Section     1024  startup_stm32f40_41xxx.o(STACK)
    Stack_Mem                                0x20005a58   Data        1024  startup_stm32f40_41xxx.o(STACK)
    __initial_sp                             0x20005e58   Data           0  startup_stm32f40_41xxx.o(STACK)

    Global Symbols

    Symbol Name                              Value     Ov Type        Size  Object(Section)

    BuildAttributes$$THM_ISAv4$E$P$D$K$B$S$7EM$VFPi3$EXTD16$VFPS$VFMA$PE$A:L22UL41UL21$X:L11$S22US41US21$IEEE1$IW$USESV6$~STKCKD$USESV7$~SHL$OSPACE$ROPI$EBA8$UX$STANDARDLIB$REQ8$PRES8$EABIv2 0x00000000   Number         0  anon$$obj.o ABSOLUTE
    __ARM_use_no_argv                        0x00000000   Number         0  main.o ABSOLUTE
    _printf_flags                            0x00000000   Number         0  printf_stubs.o ABSOLUTE
    _printf_return_value                     0x00000000   Number         0  printf_stubs.o ABSOLUTE
    _printf_sizespec                         0x00000000   Number         0  printf_stubs.o ABSOLUTE
    _printf_widthprec                        0x00000000   Number         0  printf_stubs.o ABSOLUTE
    __ARM_exceptions_init                     - Undefined Weak Reference
    __alloca_initialize                       - Undefined Weak Reference
    __arm_preinit_                            - Undefined Weak Reference
    __cpp_initialize__aeabi_                  - Undefined Weak Reference
    __cxa_finalize                            - Undefined Weak Reference
    __rt_locale                               - Undefined Weak Reference
    __sigvec_lookup                           - Undefined Weak Reference
    _atexit_init                              - Undefined Weak Reference
    _call_atexit_fns                          - Undefined Weak Reference
    _clock_init                               - Undefined Weak Reference
    _fp_trap_init                             - Undefined Weak Reference
    _fp_trap_shutdown                         - Undefined Weak Reference
    _get_lc_collate                           - Undefined Weak Reference
    _get_lc_ctype                             - Undefined Weak Reference
    _get_lc_monetary                          - Undefined Weak Reference
    _get_lc_numeric                           - Undefined Weak Reference
    _get_lc_time                              - Undefined Weak Reference
    _getenv_init                              - Undefined Weak Reference
    _handle_redirection                       - Undefined Weak Reference
    _init_alloc                               - Undefined Weak Reference
    _init_user_alloc                          - Undefined Weak Reference
    _initio                                   - Undefined Weak Reference
    _printf_mbtowc                            - Undefined Weak Reference
    _printf_truncate_signed                   - Undefined Weak Reference
    _printf_truncate_unsigned                 - Undefined Weak Reference
    _rand_init                                - Undefined Weak Reference
    _signal_finish                            - Undefined Weak Reference
    _signal_init                              - Undefined Weak Reference
    _terminate_alloc                          - Undefined Weak Reference
    _terminate_user_alloc                     - Undefined Weak Reference
    _terminateio                              - Undefined Weak Reference
    __Vectors_Size                           0x00000188   Number         0  startup_stm32f40_41xxx.o ABSOLUTE
    __Vectors                                0x08000000   Data           4  startup_stm32f40_41xxx.o(RESET)
    __Vectors_End                            0x08000188   Data           0  startup_stm32f40_41xxx.o(RESET)
    __main                                   0x08000189   Thumb Code     8  __main.o(!!!main)
    __scatterload                            0x08000191   Thumb Code     0  __scatter.o(!!!scatter)
    __scatterload_rt2                        0x08000191   Thumb Code    44  __scatter.o(!!!scatter)
    __scatterload_rt2_thumb_only             0x08000191   Thumb Code     0  __scatter.o(!!!scatter)
    __scatterload_null                       0x0800019f   Thumb Code     0  __scatter.o(!!!scatter)
    __scatterload_copy                       0x080001c5   Thumb Code    26  __scatter_copy.o(!!handler_copy)
    __scatterload_zeroinit                   0x080001e1   Thumb Code    28  __scatter_zi.o(!!handler_zi)
    _printf_d                                0x080001fd   Thumb Code     0  _printf_d.o(.ARM.Collect$$_printf_percent$$00000009)
    _printf_percent                          0x080001fd   Thumb Code     0  _printf_percent.o(.ARM.Collect$$_printf_percent$$00000000)
    _printf_percent_end                      0x08000203   Thumb Code     0  _printf_percent_end.o(.ARM.Collect$$_printf_percent$$00000017)
    __rt_lib_init                            0x08000207   Thumb Code     0  libinit.o(.ARM.Collect$$libinit$$00000000)
    __rt_lib_init_fp_1                       0x08000209   Thumb Code     0  libinit2.o(.ARM.Collect$$libinit$$00000001)
    __rt_lib_init_alloca_1                   0x0800020d   Thumb Code     0  libinit2.o(.ARM.Collect$$libinit$$0000002E)
    __rt_lib_init_argv_1                     0x0800020d   Thumb Code     0  libinit2.o(.ARM.Collect$$libinit$$0000002C)
    __rt_lib_init_atexit_1                   0x0800020d   Thumb Code     0  libinit2.o(.ARM.Collect$$libinit$$0000001B)
    __rt_lib_init_clock_1                    0x0800020d   Thumb Code     0  libinit2.o(.ARM.Collect$$libinit$$00000021)
    __rt_lib_init_cpp_1                      0x0800020d   Thumb Code     0  libinit2.o(.ARM.Collect$$libinit$$00000032)
    __rt_lib_init_exceptions_1               0x0800020d   Thumb Code     0  libinit2.o(.ARM.Collect$$libinit$$00000030)
    __rt_lib_init_fp_trap_1                  0x0800020d   Thumb Code     0  libinit2.o(.ARM.Collect$$libinit$$0000001F)
    __rt_lib_init_getenv_1                   0x0800020d   Thumb Code     0  libinit2.o(.ARM.Collect$$libinit$$00000023)
    __rt_lib_init_heap_1                     0x0800020d   Thumb Code     0  libinit2.o(.ARM.Collect$$libinit$$0000000A)
    __rt_lib_init_lc_collate_1               0x0800020d   Thumb Code     0  libinit2.o(.ARM.Collect$$libinit$$00000011)
    __rt_lib_init_lc_ctype_1                 0x0800020d   Thumb Code     0  libinit2.o(.ARM.Collect$$libinit$$00000013)
    __rt_lib_init_lc_monetary_1              0x0800020d   Thumb Code     0  libinit2.o(.ARM.Collect$$libinit$$00000015)
    __rt_lib_init_lc_numeric_1               0x0800020d   Thumb Code     0  libinit2.o(.ARM.Collect$$libinit$$00000017)
    __rt_lib_init_lc_time_1                  0x0800020d   Thumb Code     0  libinit2.o(.ARM.Collect$$libinit$$00000019)
    __rt_lib_init_preinit_1                  0x0800020d   Thumb Code     0  libinit2.o(.ARM.Collect$$libinit$$00000004)
    __rt_lib_init_rand_1                     0x0800020d   Thumb Code     0  libinit2.o(.ARM.Collect$$libinit$$0000000E)
    __rt_lib_init_return                     0x0800020d   Thumb Code     0  libinit2.o(.ARM.Collect$$libinit$$00000033)
    __rt_lib_init_signal_1                   0x0800020d   Thumb Code     0  libinit2.o(.ARM.Collect$$libinit$$0000001D)
    __rt_lib_init_stdio_1                    0x0800020d   Thumb Code     0  libinit2.o(.ARM.Collect$$libinit$$00000025)
    __rt_lib_init_user_alloc_1               0x0800020d   Thumb Code     0  libinit2.o(.ARM.Collect$$libinit$$0000000C)
    __rt_lib_shutdown                        0x0800020f   Thumb Code     0  libshutdown.o(.ARM.Collect$$libshutdown$$00000000)
    __rt_lib_shutdown_cpp_1                  0x08000211   Thumb Code     0  libshutdown2.o(.ARM.Collect$$libshutdown$$00000002)
    __rt_lib_shutdown_fp_trap_1              0x08000211   Thumb Code     0  libshutdown2.o(.ARM.Collect$$libshutdown$$00000007)
    __rt_lib_shutdown_heap_1                 0x08000211   Thumb Code     0  libshutdown2.o(.ARM.Collect$$libshutdown$$0000000F)
    __rt_lib_shutdown_return                 0x08000211   Thumb Code     0  libshutdown2.o(.ARM.Collect$$libshutdown$$00000010)
    __rt_lib_shutdown_signal_1               0x08000211   Thumb Code     0  libshutdown2.o(.ARM.Collect$$libshutdown$$0000000A)
    __rt_lib_shutdown_stdio_1                0x08000211   Thumb Code     0  libshutdown2.o(.ARM.Collect$$libshutdown$$00000004)
    __rt_lib_shutdown_user_alloc_1           0x08000211   Thumb Code     0  libshutdown2.o(.ARM.Collect$$libshutdown$$0000000C)
    __rt_entry                               0x08000213   Thumb Code     0  __rtentry.o(.ARM.Collect$$rtentry$$00000000)
    __rt_entry_presh_1                       0x08000213   Thumb Code     0  __rtentry2.o(.ARM.Collect$$rtentry$$00000002)
    __rt_entry_sh                            0x08000213   Thumb Code     0  __rtentry4.o(.ARM.Collect$$rtentry$$00000004)
    __rt_entry_li                            0x08000219   Thumb Code     0  __rtentry2.o(.ARM.Collect$$rtentry$$0000000A)
    __rt_entry_postsh_1                      0x08000219   Thumb Code     0  __rtentry2.o(.ARM.Collect$$rtentry$$00000009)
    __rt_entry_main                          0x0800021d   Thumb Code     0  __rtentry2.o(.ARM.Collect$$rtentry$$0000000D)
    __rt_entry_postli_1                      0x0800021d   Thumb Code     0  __rtentry2.o(.ARM.Collect$$rtentry$$0000000C)
    __rt_exit                                0x08000225   Thumb Code     0  rtexit.o(.ARM.Collect$$rtexit$$00000000)
    __rt_exit_ls                             0x08000227   Thumb Code     0  rtexit2.o(.ARM.Collect$$rtexit$$00000003)
    __rt_exit_prels_1                        0x08000227   Thumb Code     0  rtexit2.o(.ARM.Collect$$rtexit$$00000002)
    __rt_exit_exit                           0x0800022b   Thumb Code     0  rtexit2.o(.ARM.Collect$$rtexit$$00000004)
    SVC_Handler                              0x08000231   Thumb Code    28  port.o(.emb_text)
    __asm___6_port_c_39a90d8d__prvStartFirstTask 0x08000251   Thumb Code    36  port.o(.emb_text)
    __asm___6_port_c_39a90d8d__prvEnableVFP  0x08000279   Thumb Code    16  port.o(.emb_text)
    PendSV_Handler                           0x0800028d   Thumb Code    88  port.o(.emb_text)
    vPortGetIPSR                             0x080002e9   Thumb Code     6  port.o(.emb_text)
    Reset_Handler                            0x080002f1   Thumb Code     8  startup_stm32f40_41xxx.o(.text)
    ADC_IRQHandler                           0x0800030b   Thumb Code     0  startup_stm32f40_41xxx.o(.text)
    CAN1_RX0_IRQHandler                      0x0800030b   Thumb Code     0  startup_stm32f40_41xxx.o(.text)
    CAN1_RX1_IRQHandler                      0x0800030b   Thumb Code     0  startup_stm32f40_41xxx.o(.text)
    CAN1_SCE_IRQHandler                      0x0800030b   Thumb Code     0  startup_stm32f40_41xxx.o(.text)
    CAN1_TX_IRQHandler                       0x0800030b   Thumb Code     0  startup_stm32f40_41xxx.o(.text)
    CAN2_RX0_IRQHandler                      0x0800030b   Thumb Code     0  startup_stm32f40_41xxx.o(.text)
    CAN2_RX1_IRQHandler                      0x0800030b   Thumb Code     0  startup_stm32f40_41xxx.o(.text)
    CAN2_SCE_IRQHandler                      0x0800030b   Thumb Code     0  startup_stm32f40_41xxx.o(.text)
    CAN2_TX_IRQHandler                       0x0800030b   Thumb Code     0  startup_stm32f40_41xxx.o(.text)
    CRYP_IRQHandler                          0x0800030b   Thumb Code     0  startup_stm32f40_41xxx.o(.text)
    DCMI_IRQHandler                          0x0800030b   Thumb Code     0  startup_stm32f40_41xxx.o(.text)
    DMA1_Stream0_IRQHandler                  0x0800030b   Thumb Code     0  startup_stm32f40_41xxx.o(.text)
    DMA1_Stream1_IRQHandler                  0x0800030b   Thumb Code     0  startup_stm32f40_41xxx.o(.text)
    DMA1_Stream2_IRQHandler                  0x0800030b   Thumb Code     0  startup_stm32f40_41xxx.o(.text)
    DMA1_Stream3_IRQHandler                  0x0800030b   Thumb Code     0  startup_stm32f40_41xxx.o(.text)
    DMA1_Stream4_IRQHandler                  0x0800030b   Thumb Code     0  startup_stm32f40_41xxx.o(.text)
    DMA1_Stream5_IRQHandler                  0x0800030b   Thumb Code     0  startup_stm32f40_41xxx.o(.text)
    DMA1_Stream6_IRQHandler                  0x0800030b   Thumb Code     0  startup_stm32f40_41xxx.o(.text)
    DMA1_Stream7_IRQHandler                  0x0800030b   Thumb Code     0  startup_stm32f40_41xxx.o(.text)
    DMA2_Stream0_IRQHandler                  0x0800030b   Thumb Code     0  startup_stm32f40_41xxx.o(.text)
    DMA2_Stream1_IRQHandler                  0x0800030b   Thumb Code     0  startup_stm32f40_41xxx.o(.text)
    DMA2_Stream2_IRQHandler                  0x0800030b   Thumb Code     0  startup_stm32f40_41xxx.o(.text)
    DMA2_Stream3_IRQHandler                  0x0800030b   Thumb Code     0  startup_stm32f40_41xxx.o(.text)
    DMA2_Stream4_IRQHandler                  0x0800030b   Thumb Code     0  startup_stm32f40_41xxx.o(.text)
    DMA2_Stream5_IRQHandler                  0x0800030b   Thumb Code     0  startup_stm32f40_41xxx.o(.text)
    DMA2_Stream6_IRQHandler                  0x0800030b   Thumb Code     0  startup_stm32f40_41xxx.o(.text)
    DMA2_Stream7_IRQHandler                  0x0800030b   Thumb Code     0  startup_stm32f40_41xxx.o(.text)
    ETH_IRQHandler                           0x0800030b   Thumb Code     0  startup_stm32f40_41xxx.o(.text)
    ETH_WKUP_IRQHandler                      0x0800030b   Thumb Code     0  startup_stm32f40_41xxx.o(.text)
    EXTI0_IRQHandler                         0x0800030b   Thumb Code     0  startup_stm32f40_41xxx.o(.text)
    EXTI15_10_IRQHandler                     0x0800030b   Thumb Code     0  startup_stm32f40_41xxx.o(.text)
    EXTI1_IRQHandler                         0x0800030b   Thumb Code     0  startup_stm32f40_41xxx.o(.text)
    EXTI2_IRQHandler                         0x0800030b   Thumb Code     0  startup_stm32f40_41xxx.o(.text)
    EXTI3_IRQHandler                         0x0800030b   Thumb Code     0  startup_stm32f40_41xxx.o(.text)
    EXTI4_IRQHandler                         0x0800030b   Thumb Code     0  startup_stm32f40_41xxx.o(.text)
    EXTI9_5_IRQHandler                       0x0800030b   Thumb Code     0  startup_stm32f40_41xxx.o(.text)
    FLASH_IRQHandler                         0x0800030b   Thumb Code     0  startup_stm32f40_41xxx.o(.text)
    FPU_IRQHandler                           0x0800030b   Thumb Code     0  startup_stm32f40_41xxx.o(.text)
    FSMC_IRQHandler                          0x0800030b   Thumb Code     0  startup_stm32f40_41xxx.o(.text)
    HASH_RNG_IRQHandler                      0x0800030b   Thumb Code     0  startup_stm32f40_41xxx.o(.text)
    I2C1_ER_IRQHandler                       0x0800030b   Thumb Code     0  startup_stm32f40_41xxx.o(.text)
    I2C1_EV_IRQHandler                       0x0800030b   Thumb Code     0  startup_stm32f40_41xxx.o(.text)
    I2C2_ER_IRQHandler                       0x0800030b   Thumb Code     0  startup_stm32f40_41xxx.o(.text)
    I2C2_EV_IRQHandler                       0x0800030b   Thumb Code     0  startup_stm32f40_41xxx.o(.text)
    I2C3_ER_IRQHandler                       0x0800030b   Thumb Code     0  startup_stm32f40_41xxx.o(.text)
    I2C3_EV_IRQHandler                       0x0800030b   Thumb Code     0  startup_stm32f40_41xxx.o(.text)
    OTG_FS_IRQHandler                        0x0800030b   Thumb Code     0  startup_stm32f40_41xxx.o(.text)
    OTG_FS_WKUP_IRQHandler                   0x0800030b   Thumb Code     0  startup_stm32f40_41xxx.o(.text)
    OTG_HS_EP1_IN_IRQHandler                 0x0800030b   Thumb Code     0  startup_stm32f40_41xxx.o(.text)
    OTG_HS_EP1_OUT_IRQHandler                0x0800030b   Thumb Code     0  startup_stm32f40_41xxx.o(.text)
    OTG_HS_IRQHandler                        0x0800030b   Thumb Code     0  startup_stm32f40_41xxx.o(.text)
    OTG_HS_WKUP_IRQHandler                   0x0800030b   Thumb Code     0  startup_stm32f40_41xxx.o(.text)
    PVD_IRQHandler                           0x0800030b   Thumb Code     0  startup_stm32f40_41xxx.o(.text)
    RCC_IRQHandler                           0x0800030b   Thumb Code     0  startup_stm32f40_41xxx.o(.text)
    RTC_Alarm_IRQHandler                     0x0800030b   Thumb Code     0  startup_stm32f40_41xxx.o(.text)
    RTC_WKUP_IRQHandler                      0x0800030b   Thumb Code     0  startup_stm32f40_41xxx.o(.text)
    SDIO_IRQHandler                          0x0800030b   Thumb Code     0  startup_stm32f40_41xxx.o(.text)
    SPI1_IRQHandler                          0x0800030b   Thumb Code     0  startup_stm32f40_41xxx.o(.text)
    SPI2_IRQHandler                          0x0800030b   Thumb Code     0  startup_stm32f40_41xxx.o(.text)
    SPI3_IRQHandler                          0x0800030b   Thumb Code     0  startup_stm32f40_41xxx.o(.text)
    TAMP_STAMP_IRQHandler                    0x0800030b   Thumb Code     0  startup_stm32f40_41xxx.o(.text)
    TIM1_BRK_TIM9_IRQHandler                 0x0800030b   Thumb Code     0  startup_stm32f40_41xxx.o(.text)
    TIM1_CC_IRQHandler                       0x0800030b   Thumb Code     0  startup_stm32f40_41xxx.o(.text)
    TIM1_TRG_COM_TIM11_IRQHandler            0x0800030b   Thumb Code     0  startup_stm32f40_41xxx.o(.text)
    TIM1_UP_TIM10_IRQHandler                 0x0800030b   Thumb Code     0  startup_stm32f40_41xxx.o(.text)
    TIM2_IRQHandler                          0x0800030b   Thumb Code     0  startup_stm32f40_41xxx.o(.text)
    TIM3_IRQHandler                          0x0800030b   Thumb Code     0  startup_stm32f40_41xxx.o(.text)
    TIM4_IRQHandler                          0x0800030b   Thumb Code     0  startup_stm32f40_41xxx.o(.text)
    TIM5_IRQHandler                          0x0800030b   Thumb Code     0  startup_stm32f40_41xxx.o(.text)
    TIM6_DAC_IRQHandler                      0x0800030b   Thumb Code     0  startup_stm32f40_41xxx.o(.text)
    TIM7_IRQHandler                          0x0800030b   Thumb Code     0  startup_stm32f40_41xxx.o(.text)
    TIM8_BRK_TIM12_IRQHandler                0x0800030b   Thumb Code     0  startup_stm32f40_41xxx.o(.text)
    TIM8_CC_IRQHandler                       0x0800030b   Thumb Code     0  startup_stm32f40_41xxx.o(.text)
    TIM8_TRG_COM_TIM14_IRQHandler            0x0800030b   Thumb Code     0  startup_stm32f40_41xxx.o(.text)
    TIM8_UP_TIM13_IRQHandler                 0x0800030b   Thumb Code     0  startup_stm32f40_41xxx.o(.text)
    UART4_IRQHandler                         0x0800030b   Thumb Code     0  startup_stm32f40_41xxx.o(.text)
    UART5_IRQHandler                         0x0800030b   Thumb Code     0  startup_stm32f40_41xxx.o(.text)
    USART1_IRQHandler                        0x0800030b   Thumb Code     0  startup_stm32f40_41xxx.o(.text)
    USART2_IRQHandler                        0x0800030b   Thumb Code     0  startup_stm32f40_41xxx.o(.text)
    USART3_IRQHandler                        0x0800030b   Thumb Code     0  startup_stm32f40_41xxx.o(.text)
    USART6_IRQHandler                        0x0800030b   Thumb Code     0  startup_stm32f40_41xxx.o(.text)
    WWDG_IRQHandler                          0x0800030b   Thumb Code     0  startup_stm32f40_41xxx.o(.text)
    __user_initial_stackheap                 0x0800030d   Thumb Code     0  startup_stm32f40_41xxx.o(.text)
    __2sprintf                               0x08000331   Thumb Code    34  noretval__2sprintf.o(.text)
    _printf_pre_padding                      0x08000359   Thumb Code    44  _printf_pad.o(.text)
    _printf_post_padding                     0x08000385   Thumb Code    34  _printf_pad.o(.text)
    _printf_int_dec                          0x080003a9   Thumb Code   104  _printf_dec.o(.text)
    __printf                                 0x08000421   Thumb Code   270  __printf_wp.o(.text)
    __aeabi_memcpy                           0x0800052f   Thumb Code     0  rt_memcpy_v6.o(.text)
    __rt_memcpy                              0x0800052f   Thumb Code   138  rt_memcpy_v6.o(.text)
    _memcpy_lastbytes                        0x08000595   Thumb Code     0  rt_memcpy_v6.o(.text)
    __aeabi_memcpy4                          0x080005b9   Thumb Code     0  rt_memcpy_w.o(.text)
    __aeabi_memcpy8                          0x080005b9   Thumb Code     0  rt_memcpy_w.o(.text)
    __rt_memcpy_w                            0x080005b9   Thumb Code   100  rt_memcpy_w.o(.text)
    _memcpy_lastbytes_aligned                0x08000601   Thumb Code     0  rt_memcpy_w.o(.text)
    __aeabi_memset                           0x0800061d   Thumb Code    16  aeabi_memset.o(.text)
    __aeabi_memclr                           0x0800062d   Thumb Code     0  rt_memclr.o(.text)
    __rt_memclr                              0x0800062d   Thumb Code    68  rt_memclr.o(.text)
    _memset                                  0x08000631   Thumb Code     0  rt_memclr.o(.text)
    __aeabi_memclr4                          0x08000671   Thumb Code     0  rt_memclr_w.o(.text)
    __aeabi_memclr8                          0x08000671   Thumb Code     0  rt_memclr_w.o(.text)
    __rt_memclr_w                            0x08000671   Thumb Code    78  rt_memclr_w.o(.text)
    _memset_w                                0x08000675   Thumb Code     0  rt_memclr_w.o(.text)
    __use_two_region_memory                  0x080006bf   Thumb Code     2  heapauxi.o(.text)
    __rt_heap_escrow$2region                 0x080006c1   Thumb Code     2  heapauxi.o(.text)
    __rt_heap_expand$2region                 0x080006c3   Thumb Code     2  heapauxi.o(.text)
    _printf_int_common                       0x080006c5   Thumb Code   178  _printf_intcommon.o(.text)
    _printf_char_common                      0x08000783   Thumb Code    32  _printf_char_common.o(.text)
    _sputc                                   0x080007a9   Thumb Code    10  _sputc.o(.text)
    __user_setup_stackheap                   0x080007b3   Thumb Code    74  sys_stackheap_outer.o(.text)
    exit                                     0x080007fd   Thumb Code    18  exit.o(.text)
    __user_libspace                          0x08000811   Thumb Code     8  libspace.o(.text)
    __user_perproc_libspace                  0x08000811   Thumb Code     0  libspace.o(.text)
    __user_perthread_libspace                0x08000811   Thumb Code     0  libspace.o(.text)
    _sys_exit                                0x08000819   Thumb Code     8  sys_exit.o(.text)
    __I$use$semihosting                      0x08000825   Thumb Code     0  use_no_semi.o(.text)
    __use_no_semihosting_swi                 0x08000825   Thumb Code     2  use_no_semi.o(.text)
    BusFault_Handler                         0x08000827   Thumb Code     2  stm32f4xx_it.o(i.BusFault_Handler)
    __semihosting_library_function           0x08000827   Thumb Code     0  indicate_semi.o(.text)
    Buz_Init                                 0x08000829   Thumb Code    58  buz.o(i.Buz_Init)
    DebugMon_Handler                         0x08000869   Thumb Code     2  stm32f4xx_it.o(i.DebugMon_Handler)
    GPIO_Init                                0x0800086b   Thumb Code   120  stm32f4xx_gpio.o(i.GPIO_Init)
    GPIO_SetBits                             0x080008e3   Thumb Code     4  stm32f4xx_gpio.o(i.GPIO_SetBits)
    HardFault_Handler                        0x080008e7   Thumb Code     2  stm32f4xx_it.o(i.HardFault_Handler)
    LED_Init                                 0x080008e9   Thumb Code    58  led.o(i.LED_Init)
    MemManage_Handler                        0x08000929   Thumb Code     2  stm32f4xx_it.o(i.MemManage_Handler)
    NMI_Handler                              0x0800092b   Thumb Code     2  stm32f4xx_it.o(i.NMI_Handler)
    NVIC_PriorityGroupConfig                 0x0800092d   Thumb Code    10  misc.o(i.NVIC_PriorityGroupConfig)
    OLED_Clear                               0x08000941   Thumb Code    38  oled.o(i.OLED_Clear)
    OLED_DrawPoint                           0x0800096d   Thumb Code    54  oled.o(i.OLED_DrawPoint)
    OLED_Init                                0x080009a9   Thumb Code   294  oled.o(i.OLED_Init)
    OLED_Refresh_Gram                        0x08000ad9   Thumb Code    66  oled.o(i.OLED_Refresh_Gram)
    OLED_ShowChar                            0x08000b21   Thumb Code   124  oled.o(i.OLED_ShowChar)
    OLED_ShowString                          0x08000ba5   Thumb Code    62  oled.o(i.OLED_ShowString)
    OLED_WR_Byte                             0x08000be5   Thumb Code    62  oled.o(i.OLED_WR_Byte)
    PWR_BackupAccessCmd                      0x08000c29   Thumb Code     6  stm32f4xx_pwr.o(i.PWR_BackupAccessCmd)
    RCC_AHB1PeriphClockCmd                   0x08000c35   Thumb Code    18  stm32f4xx_rcc.o(i.RCC_AHB1PeriphClockCmd)
    RCC_APB1PeriphClockCmd                   0x08000c4d   Thumb Code    18  stm32f4xx_rcc.o(i.RCC_APB1PeriphClockCmd)
    RCC_LSEConfig                            0x08000c65   Thumb Code    22  stm32f4xx_rcc.o(i.RCC_LSEConfig)
    SysTick_CLKSourceConfig                  0x08000d35   Thumb Code    24  misc.o(i.SysTick_CLKSourceConfig)
    SysTick_Handler                          0x08000d4d   Thumb Code    20  delay.o(i.SysTick_Handler)
    SystemInit                               0x08000d61   Thumb Code    74  system_stm32f4xx.o(i.SystemInit)
    UsageFault_Handler                       0x08000dbd   Thumb Code     2  stm32f4xx_it.o(i.UsageFault_Handler)
    _is_digit                                0x08000dbf   Thumb Code    14  __printf_wp.o(i._is_digit)
    buz_task                                 0x08000dcd   Thumb Code    22  buz.o(i.buz_task)
    delay_init                               0x08000ded   Thumb Code    50  delay.o(i.delay_init)
    delay_ms                                 0x08000e25   Thumb Code    50  delay.o(i.delay_ms)
    delay_us                                 0x08000e5d   Thumb Code    48  delay.o(i.delay_us)
    getSysTickCnt                            0x08000e91   Thumb Code    24  delay.o(i.getSysTickCnt)
    led_task                                 0x08000ead   Thumb Code    22  led.o(i.led_task)
    main                                     0x08000ecd   Thumb Code    34  main.o(i.main)
    oled_show                                0x08000f05   Thumb Code    90  show.o(i.oled_show)
    pvPortMalloc                             0x080016c9   Thumb Code   146  heap_4.o(i.pvPortMalloc)
    pxPortInitialiseStack                    0x08001761   Thumb Code    40  port.o(i.pxPortInitialiseStack)
    show_task                                0x0800178d   Thumb Code    22  show.o(i.show_task)
    start_task                               0x080017a5   Thumb Code    76  main.o(i.start_task)
    systemInit                               0x08001825   Thumb Code    32  system.o(i.systemInit)
    uxListRemove                             0x08001845   Thumb Code    38  list.o(i.uxListRemove)
    uxTaskGetNumberOfTasks                   0x0800186d   Thumb Code     6  tasks.o(i.uxTaskGetNumberOfTasks)
    vListInitialise                          0x08001879   Thumb Code    22  list.o(i.vListInitialise)
    vListInitialiseItem                      0x0800188f   Thumb Code     6  list.o(i.vListInitialiseItem)
    vListInsert                              0x08001895   Thumb Code    48  list.o(i.vListInsert)
    vListInsertEnd                           0x080018c5   Thumb Code    24  list.o(i.vListInsertEnd)
    vPortEnterCritical                       0x080018dd   Thumb Code    32  port.o(i.vPortEnterCritical)
    vPortExitCritical                        0x08001905   Thumb Code    16  port.o(i.vPortExitCritical)
    vPortFree                                0x08001919   Thumb Code    64  heap_4.o(i.vPortFree)
    vPortSetupTimerInterrupt                 0x0800195d   Thumb Code    32  port.o(i.vPortSetupTimerInterrupt)
    vQueueAddToRegistry                      0x08001981   Thumb Code    54  queue.o(i.vQueueAddToRegistry)
    vQueueWaitForMessageRestricted           0x080019bd   Thumb Code    68  queue.o(i.vQueueWaitForMessageRestricted)
    vTaskDelay                               0x08001a01   Thumb Code    48  tasks.o(i.vTaskDelay)
    vTaskDelete                              0x08001a39   Thumb Code   144  tasks.o(i.vTaskDelete)
    vTaskInternalSetTimeOutState             0x08001ad9   Thumb Code    12  tasks.o(i.vTaskInternalSetTimeOutState)
    vTaskMissedYield                         0x08001ae9   Thumb Code     8  tasks.o(i.vTaskMissedYield)
    vTaskPlaceOnEventList                    0x08001af5   Thumb Code    30  tasks.o(i.vTaskPlaceOnEventList)
    vTaskPlaceOnEventListRestricted          0x08001b19   Thumb Code    58  tasks.o(i.vTaskPlaceOnEventListRestricted)
    vTaskStartScheduler                      0x08001b59   Thumb Code    72  tasks.o(i.vTaskStartScheduler)
    vTaskSuspendAll                          0x08001bb1   Thumb Code    10  tasks.o(i.vTaskSuspendAll)
    vTaskSwitchContext                       0x08001bc1   Thumb Code    64  tasks.o(i.vTaskSwitchContext)
    xPortStartScheduler                      0x08001c09   Thumb Code   138  port.o(i.xPortStartScheduler)
    xPortSysTickHandler                      0x08001ca5   Thumb Code    38  port.o(i.xPortSysTickHandler)
    xQueueGenericCreate                      0x08001cd1   Thumb Code    84  queue.o(i.xQueueGenericCreate)
    xQueueGenericReset                       0x08001d25   Thumb Code   142  queue.o(i.xQueueGenericReset)
    xQueueReceive                            0x08001db9   Thumb Code   238  queue.o(i.xQueueReceive)
    xTaskCheckForTimeOut                     0x08001ead   Thumb Code    82  tasks.o(i.xTaskCheckForTimeOut)
    xTaskCreate                              0x08001f05   Thumb Code    92  tasks.o(i.xTaskCreate)
    xTaskDelayUntil                          0x08001f61   Thumb Code    80  tasks.o(i.xTaskDelayUntil)
    xTaskGetSchedulerState                   0x08001fb9   Thumb Code    22  tasks.o(i.xTaskGetSchedulerState)
    xTaskGetTickCount                        0x08001fd5   Thumb Code     6  tasks.o(i.xTaskGetTickCount)
    xTaskIncrementTick                       0x08001fe1   Thumb Code   268  tasks.o(i.xTaskIncrementTick)
    xTaskPriorityDisinherit                  0x080020f5   Thumb Code   134  tasks.o(i.xTaskPriorityDisinherit)
    xTaskRemoveFromEventList                 0x08002185   Thumb Code   190  tasks.o(i.xTaskRemoveFromEventList)
    xTaskResumeAll                           0x08002251   Thumb Code   264  tasks.o(i.xTaskResumeAll)
    xTimerCreateTimerTask                    0x08002369   Thumb Code    44  timers.o(i.xTimerCreateTimerTask)
    _fp_init                                 0x080023a5   Thumb Code    10  fpinit.o(x$fpl$fpinit)
    __fplib_config_fpu_vfp                   0x080023ad   Thumb Code     0  fpinit.o(x$fpl$fpinit)
    __fplib_config_pureend_doubles           0x080023ad   Thumb Code     0  fpinit.o(x$fpl$fpinit)
    oled_asc2_1206                           0x080023ae   Data        1140  oled.o(.constdata)
    oled_asc2_1608                           0x08002822   Data        1520  oled.o(.constdata)
    Region$$Table$$Base                      0x08002e28   Number         0  anon$$obj.o(Region$$Table)
    Region$$Table$$Limit                     0x08002e48   Number         0  anon$$obj.o(Region$$Table)
    SystemCoreClock                          0x20000000   Data           4  system_stm32f4xx.o(.data)
    AHBPrescTable                            0x20000004   Data          16  system_stm32f4xx.o(.data)
    StartTask_Handler                        0x20000014   Data           4  main.o(.data)
    Led_Count                                0x20000020   Data           4  led.o(.data)
    Buz_Count                                0x20000024   Data           4  buz.o(.data)
    show_timer_count                         0x20000028   Data           4  show.o(.data)
    pxCurrentTCB                             0x2000002c   Data           4  tasks.o(.data)
    uxTopUsedPriority                        0x2000005c   Data           4  tasks.o(.data)
    OLED_GRAM                                0x200000a8   Data        1024  oled.o(.bss)
    xQueueRegistry                           0x200004a8   Data          64  queue.o(.bss)
    __libspace_start                         0x200057f4   Data          96  libspace.o(.bss)
    __temporary_stack_top$libspace           0x20005854   Data           0  libspace.o(.bss)



==============================================================================

Memory Map of the image

  Image Entry point : 0x08000189

  Load Region LR_IROM1 (Base: 0x08000000, Size: 0x00002ef0, Max: 0x00080000, ABSOLUTE)

    Execution Region ER_IROM1 (Exec base: 0x08000000, Load base: 0x08000000, Size: 0x00002e48, Max: 0x00080000, ABSOLUTE)

    Exec Addr    Load Addr    Size         Type   Attr      Idx    E Section Name        Object

    0x08000000   0x08000000   0x00000188   Data   RO            3    RESET               startup_stm32f40_41xxx.o
    0x08000188   0x08000188   0x00000008   Code   RO         3427  * !!!main             c_w.l(__main.o)
    0x08000190   0x08000190   0x00000034   Code   RO         3595    !!!scatter          c_w.l(__scatter.o)
    0x080001c4   0x080001c4   0x0000001a   Code   RO         3597    !!handler_copy      c_w.l(__scatter_copy.o)
    0x080001de   0x080001de   0x00000002   PAD
    0x080001e0   0x080001e0   0x0000001c   Code   RO         3599    !!handler_zi        c_w.l(__scatter_zi.o)
    0x080001fc   0x080001fc   0x00000000   Code   RO         3410    .ARM.Collect$$_printf_percent$$00000000  c_w.l(_printf_percent.o)
    0x080001fc   0x080001fc   0x00000006   Code   RO         3408    .ARM.Collect$$_printf_percent$$00000009  c_w.l(_printf_d.o)
    0x08000202   0x08000202   0x00000004   Code   RO         3438    .ARM.Collect$$_printf_percent$$00000017  c_w.l(_printf_percent_end.o)
    0x08000206   0x08000206   0x00000002   Code   RO         3465    .ARM.Collect$$libinit$$00000000  c_w.l(libinit.o)
    0x08000208   0x08000208   0x00000004   Code   RO         3471    .ARM.Collect$$libinit$$00000001  c_w.l(libinit2.o)
    0x0800020c   0x0800020c   0x00000000   Code   RO         3474    .ARM.Collect$$libinit$$00000004  c_w.l(libinit2.o)
    0x0800020c   0x0800020c   0x00000000   Code   RO         3477    .ARM.Collect$$libinit$$0000000A  c_w.l(libinit2.o)
    0x0800020c   0x0800020c   0x00000000   Code   RO         3479    .ARM.Collect$$libinit$$0000000C  c_w.l(libinit2.o)
    0x0800020c   0x0800020c   0x00000000   Code   RO         3481    .ARM.Collect$$libinit$$0000000E  c_w.l(libinit2.o)
    0x0800020c   0x0800020c   0x00000000   Code   RO         3484    .ARM.Collect$$libinit$$00000011  c_w.l(libinit2.o)
    0x0800020c   0x0800020c   0x00000000   Code   RO         3486    .ARM.Collect$$libinit$$00000013  c_w.l(libinit2.o)
    0x0800020c   0x0800020c   0x00000000   Code   RO         3488    .ARM.Collect$$libinit$$00000015  c_w.l(libinit2.o)
    0x0800020c   0x0800020c   0x00000000   Code   RO         3490    .ARM.Collect$$libinit$$00000017  c_w.l(libinit2.o)
    0x0800020c   0x0800020c   0x00000000   Code   RO         3492    .ARM.Collect$$libinit$$00000019  c_w.l(libinit2.o)
    0x0800020c   0x0800020c   0x00000000   Code   RO         3494    .ARM.Collect$$libinit$$0000001B  c_w.l(libinit2.o)
    0x0800020c   0x0800020c   0x00000000   Code   RO         3496    .ARM.Collect$$libinit$$0000001D  c_w.l(libinit2.o)
    0x0800020c   0x0800020c   0x00000000   Code   RO         3498    .ARM.Collect$$libinit$$0000001F  c_w.l(libinit2.o)
    0x0800020c   0x0800020c   0x00000000   Code   RO         3500    .ARM.Collect$$libinit$$00000021  c_w.l(libinit2.o)
    0x0800020c   0x0800020c   0x00000000   Code   RO         3502    .ARM.Collect$$libinit$$00000023  c_w.l(libinit2.o)
    0x0800020c   0x0800020c   0x00000000   Code   RO         3504    .ARM.Collect$$libinit$$00000025  c_w.l(libinit2.o)
    0x0800020c   0x0800020c   0x00000000   Code   RO         3508    .ARM.Collect$$libinit$$0000002C  c_w.l(libinit2.o)
    0x0800020c   0x0800020c   0x00000000   Code   RO         3510    .ARM.Collect$$libinit$$0000002E  c_w.l(libinit2.o)
    0x0800020c   0x0800020c   0x00000000   Code   RO         3512    .ARM.Collect$$libinit$$00000030  c_w.l(libinit2.o)
    0x0800020c   0x0800020c   0x00000000   Code   RO         3514    .ARM.Collect$$libinit$$00000032  c_w.l(libinit2.o)
    0x0800020c   0x0800020c   0x00000002   Code   RO         3515    .ARM.Collect$$libinit$$00000033  c_w.l(libinit2.o)
    0x0800020e   0x0800020e   0x00000002   Code   RO         3535    .ARM.Collect$$libshutdown$$00000000  c_w.l(libshutdown.o)
    0x08000210   0x08000210   0x00000000   Code   RO         3548    .ARM.Collect$$libshutdown$$00000002  c_w.l(libshutdown2.o)
    0x08000210   0x08000210   0x00000000   Code   RO         3550    .ARM.Collect$$libshutdown$$00000004  c_w.l(libshutdown2.o)
    0x08000210   0x08000210   0x00000000   Code   RO         3553    .ARM.Collect$$libshutdown$$00000007  c_w.l(libshutdown2.o)
    0x08000210   0x08000210   0x00000000   Code   RO         3556    .ARM.Collect$$libshutdown$$0000000A  c_w.l(libshutdown2.o)
    0x08000210   0x08000210   0x00000000   Code   RO         3558    .ARM.Collect$$libshutdown$$0000000C  c_w.l(libshutdown2.o)
    0x08000210   0x08000210   0x00000000   Code   RO         3561    .ARM.Collect$$libshutdown$$0000000F  c_w.l(libshutdown2.o)
    0x08000210   0x08000210   0x00000002   Code   RO         3562    .ARM.Collect$$libshutdown$$00000010  c_w.l(libshutdown2.o)
    0x08000212   0x08000212   0x00000000   Code   RO         3429    .ARM.Collect$$rtentry$$00000000  c_w.l(__rtentry.o)
    0x08000212   0x08000212   0x00000000   Code   RO         3440    .ARM.Collect$$rtentry$$00000002  c_w.l(__rtentry2.o)
    0x08000212   0x08000212   0x00000006   Code   RO         3452    .ARM.Collect$$rtentry$$00000004  c_w.l(__rtentry4.o)
    0x08000218   0x08000218   0x00000000   Code   RO         3442    .ARM.Collect$$rtentry$$00000009  c_w.l(__rtentry2.o)
    0x08000218   0x08000218   0x00000004   Code   RO         3443    .ARM.Collect$$rtentry$$0000000A  c_w.l(__rtentry2.o)
    0x0800021c   0x0800021c   0x00000000   Code   RO         3445    .ARM.Collect$$rtentry$$0000000C  c_w.l(__rtentry2.o)
    0x0800021c   0x0800021c   0x00000008   Code   RO         3446    .ARM.Collect$$rtentry$$0000000D  c_w.l(__rtentry2.o)
    0x08000224   0x08000224   0x00000002   Code   RO         3469    .ARM.Collect$$rtexit$$00000000  c_w.l(rtexit.o)
    0x08000226   0x08000226   0x00000000   Code   RO         3517    .ARM.Collect$$rtexit$$00000002  c_w.l(rtexit2.o)
    0x08000226   0x08000226   0x00000004   Code   RO         3518    .ARM.Collect$$rtexit$$00000003  c_w.l(rtexit2.o)
    0x0800022a   0x0800022a   0x00000006   Code   RO         3519    .ARM.Collect$$rtexit$$00000004  c_w.l(rtexit2.o)
    0x08000230   0x08000230   0x000000be   Code   RO         3290    .emb_text           port.o
    0x080002ee   0x080002ee   0x00000002   PAD
    0x080002f0   0x080002f0   0x00000040   Code   RO            4    .text               startup_stm32f40_41xxx.o
    0x08000330   0x08000330   0x00000028   Code   RO         3377    .text               c_w.l(noretval__2sprintf.o)
    0x08000358   0x08000358   0x0000004e   Code   RO         3381    .text               c_w.l(_printf_pad.o)
    0x080003a6   0x080003a6   0x00000002   PAD
    0x080003a8   0x080003a8   0x00000078   Code   RO         3385    .text               c_w.l(_printf_dec.o)
    0x08000420   0x08000420   0x0000010e   Code   RO         3395    .text               c_w.l(__printf_wp.o)
    0x0800052e   0x0800052e   0x0000008a   Code   RO         3415    .text               c_w.l(rt_memcpy_v6.o)
    0x080005b8   0x080005b8   0x00000064   Code   RO         3417    .text               c_w.l(rt_memcpy_w.o)
    0x0800061c   0x0800061c   0x00000010   Code   RO         3419    .text               c_w.l(aeabi_memset.o)
    0x0800062c   0x0800062c   0x00000044   Code   RO         3421    .text               c_w.l(rt_memclr.o)
    0x08000670   0x08000670   0x0000004e   Code   RO         3423    .text               c_w.l(rt_memclr_w.o)
    0x080006be   0x080006be   0x00000006   Code   RO         3425    .text               c_w.l(heapauxi.o)
    0x080006c4   0x080006c4   0x000000b2   Code   RO         3430    .text               c_w.l(_printf_intcommon.o)
    0x08000776   0x08000776   0x00000002   PAD
    0x08000778   0x08000778   0x00000030   Code   RO         3432    .text               c_w.l(_printf_char_common.o)
    0x080007a8   0x080007a8   0x0000000a   Code   RO         3434    .text               c_w.l(_sputc.o)
    0x080007b2   0x080007b2   0x0000004a   Code   RO         3456    .text               c_w.l(sys_stackheap_outer.o)
    0x080007fc   0x080007fc   0x00000012   Code   RO         3458    .text               c_w.l(exit.o)
    0x0800080e   0x0800080e   0x00000002   PAD
    0x08000810   0x08000810   0x00000008   Code   RO         3466    .text               c_w.l(libspace.o)
    0x08000818   0x08000818   0x0000000c   Code   RO         3527    .text               c_w.l(sys_exit.o)
    0x08000824   0x08000824   0x00000002   Code   RO         3538    .text               c_w.l(use_no_semi.o)
    0x08000826   0x08000826   0x00000000   Code   RO         3540    .text               c_w.l(indicate_semi.o)
    0x08000826   0x08000826   0x00000002   Code   RO           12    i.BusFault_Handler  stm32f4xx_it.o
    0x08000828   0x08000828   0x00000040   Code   RO         2092    i.Buz_Init          buz.o
    0x08000868   0x08000868   0x00000002   Code   RO           13    i.DebugMon_Handler  stm32f4xx_it.o
    0x0800086a   0x0800086a   0x00000078   Code   RO          393    i.GPIO_Init         stm32f4xx_gpio.o
    0x080008e2   0x080008e2   0x00000004   Code   RO          401    i.GPIO_SetBits      stm32f4xx_gpio.o
    0x080008e6   0x080008e6   0x00000002   Code   RO           14    i.HardFault_Handler  stm32f4xx_it.o
    0x080008e8   0x080008e8   0x00000040   Code   RO         2060    i.LED_Init          led.o
    0x08000928   0x08000928   0x00000002   Code   RO           15    i.MemManage_Handler  stm32f4xx_it.o
    0x0800092a   0x0800092a   0x00000002   Code   RO           16    i.NMI_Handler       stm32f4xx_it.o
    0x0800092c   0x0800092c   0x00000014   Code   RO          349    i.NVIC_PriorityGroupConfig  misc.o
    0x08000940   0x08000940   0x0000002c   Code   RO         2124    i.OLED_Clear        oled.o
    0x0800096c   0x0800096c   0x0000003c   Code   RO         2127    i.OLED_DrawPoint    oled.o
    0x080009a8   0x080009a8   0x00000130   Code   RO         2128    i.OLED_Init         oled.o
    0x08000ad8   0x08000ad8   0x00000048   Code   RO         2129    i.OLED_Refresh_Gram  oled.o
    0x08000b20   0x08000b20   0x00000084   Code   RO         2130    i.OLED_ShowChar     oled.o
    0x08000ba4   0x08000ba4   0x0000003e   Code   RO         2132    i.OLED_ShowString   oled.o
    0x08000be2   0x08000be2   0x00000002   PAD
    0x08000be4   0x08000be4   0x00000044   Code   RO         2133    i.OLED_WR_Byte      oled.o
    0x08000c28   0x08000c28   0x0000000c   Code   RO          714    i.PWR_BackupAccessCmd  stm32f4xx_pwr.o
    0x08000c34   0x08000c34   0x00000018   Code   RO          836    i.RCC_AHB1PeriphClockCmd  stm32f4xx_rcc.o
    0x08000c4c   0x08000c4c   0x00000018   Code   RO          845    i.RCC_APB1PeriphClockCmd  stm32f4xx_rcc.o
    0x08000c64   0x08000c64   0x0000001c   Code   RO          866    i.RCC_LSEConfig     stm32f4xx_rcc.o
    0x08000c80   0x08000c80   0x000000b4   Code   RO          180    i.SetSysClock       system_stm32f4xx.o
    0x08000d34   0x08000d34   0x00000018   Code   RO          352    i.SysTick_CLKSourceConfig  misc.o
    0x08000d4c   0x08000d4c   0x00000014   Code   RO         2005    i.SysTick_Handler   delay.o
    0x08000d60   0x08000d60   0x0000005c   Code   RO          182    i.SystemInit        system_stm32f4xx.o
    0x08000dbc   0x08000dbc   0x00000002   Code   RO           17    i.UsageFault_Handler  stm32f4xx_it.o
    0x08000dbe   0x08000dbe   0x0000000e   Code   RO         3397    i._is_digit         c_w.l(__printf_wp.o)
    0x08000dcc   0x08000dcc   0x00000020   Code   RO         2093    i.buz_task          buz.o
    0x08000dec   0x08000dec   0x00000038   Code   RO         2006    i.delay_init        delay.o
    0x08000e24   0x08000e24   0x00000038   Code   RO         2007    i.delay_ms          delay.o
    0x08000e5c   0x08000e5c   0x00000034   Code   RO         2008    i.delay_us          delay.o
    0x08000e90   0x08000e90   0x0000001c   Code   RO         2010    i.getSysTickCnt     delay.o
    0x08000eac   0x08000eac   0x00000020   Code   RO         2061    i.led_task          led.o
    0x08000ecc   0x08000ecc   0x00000038   Code   RO          217    i.main              main.o
    0x08000f04   0x08000f04   0x00000078   Code   RO         2213    i.oled_show         show.o
    0x08000f7c   0x08000f7c   0x00000088   Code   RO         2685    i.prvAddCurrentTaskToDelayedList  tasks.o
    0x08001004   0x08001004   0x000000f0   Code   RO         2686    i.prvAddNewTaskToReadyList  tasks.o
    0x080010f4   0x080010f4   0x00000050   Code   RO         3060    i.prvCheckForValidListAndQueue  timers.o
    0x08001144   0x08001144   0x00000026   Code   RO         2447    i.prvCopyDataFromQueue  queue.o
    0x0800116a   0x0800116a   0x0000006c   Code   RO         2448    i.prvCopyDataToQueue  queue.o
    0x080011d6   0x080011d6   0x00000014   Code   RO         2687    i.prvDeleteTCB      tasks.o
    0x080011ea   0x080011ea   0x00000002   PAD
    0x080011ec   0x080011ec   0x00000044   Code   RO         3221    i.prvHeapInit       heap_4.o
    0x08001230   0x08001230   0x0000005c   Code   RO         2688    i.prvIdleTask       tasks.o
    0x0800128c   0x0800128c   0x00000084   Code   RO         2689    i.prvInitialiseNewTask  tasks.o
    0x08001310   0x08001310   0x0000004c   Code   RO         3222    i.prvInsertBlockIntoFreeList  heap_4.o
    0x0800135c   0x0800135c   0x00000038   Code   RO         3061    i.prvInsertTimerInActiveList  timers.o
    0x08001394   0x08001394   0x0000001a   Code   RO         2449    i.prvIsQueueEmpty   queue.o
    0x080013ae   0x080013ae   0x0000004e   Code   RO         2450    i.prvNotifyQueueSetContainer  queue.o
    0x080013fc   0x080013fc   0x00000040   Code   RO         3062    i.prvProcessExpiredTimer  timers.o
    0x0800143c   0x0800143c   0x000000e4   Code   RO         3063    i.prvProcessReceivedCommands  timers.o
    0x08001520   0x08001520   0x0000006c   Code   RO         3064    i.prvProcessTimerOrBlockTask  timers.o
    0x0800158c   0x0800158c   0x00000028   Code   RO         3065    i.prvReloadTimer    timers.o
    0x080015b4   0x080015b4   0x0000001c   Code   RO         2691    i.prvResetNextTaskUnblockTime  tasks.o
    0x080015d0   0x080015d0   0x00000048   Code   RO         3066    i.prvSampleTimeNow  timers.o
    0x08001618   0x08001618   0x00000010   Code   RO         3291    i.prvTaskExitError  port.o
    0x08001628   0x08001628   0x00000028   Code   RO         3067    i.prvTimerTask      timers.o
    0x08001650   0x08001650   0x00000076   Code   RO         2451    i.prvUnlockQueue    queue.o
    0x080016c6   0x080016c6   0x00000002   PAD
    0x080016c8   0x080016c8   0x00000098   Code   RO         3224    i.pvPortMalloc      heap_4.o
    0x08001760   0x08001760   0x0000002c   Code   RO         3292    i.pxPortInitialiseStack  port.o
    0x0800178c   0x0800178c   0x00000016   Code   RO         2214    i.show_task         show.o
    0x080017a2   0x080017a2   0x00000002   PAD
    0x080017a4   0x080017a4   0x00000080   Code   RO          218    i.start_task        main.o
    0x08001824   0x08001824   0x00000020   Code   RO         1982    i.systemInit        system.o
    0x08001844   0x08001844   0x00000026   Code   RO         2399    i.uxListRemove      list.o
    0x0800186a   0x0800186a   0x00000002   PAD
    0x0800186c   0x0800186c   0x0000000c   Code   RO         2696    i.uxTaskGetNumberOfTasks  tasks.o
    0x08001878   0x08001878   0x00000016   Code   RO         2400    i.vListInitialise   list.o
    0x0800188e   0x0800188e   0x00000006   Code   RO         2401    i.vListInitialiseItem  list.o
    0x08001894   0x08001894   0x00000030   Code   RO         2402    i.vListInsert       list.o
    0x080018c4   0x080018c4   0x00000018   Code   RO         2403    i.vListInsertEnd    list.o
    0x080018dc   0x080018dc   0x00000028   Code   RO         3294    i.vPortEnterCritical  port.o
    0x08001904   0x08001904   0x00000014   Code   RO         3295    i.vPortExitCritical  port.o
    0x08001918   0x08001918   0x00000044   Code   RO         3225    i.vPortFree         heap_4.o
    0x0800195c   0x0800195c   0x00000024   Code   RO         3296    i.vPortSetupTimerInterrupt  port.o
    0x08001980   0x08001980   0x0000003c   Code   RO         2457    i.vQueueAddToRegistry  queue.o
    0x080019bc   0x080019bc   0x00000044   Code   RO         2461    i.vQueueWaitForMessageRestricted  queue.o
    0x08001a00   0x08001a00   0x00000038   Code   RO         2702    i.vTaskDelay        tasks.o
    0x08001a38   0x08001a38   0x000000a0   Code   RO         2703    i.vTaskDelete       tasks.o
    0x08001ad8   0x08001ad8   0x00000010   Code   RO         2707    i.vTaskInternalSetTimeOutState  tasks.o
    0x08001ae8   0x08001ae8   0x0000000c   Code   RO         2709    i.vTaskMissedYield  tasks.o
    0x08001af4   0x08001af4   0x00000024   Code   RO         2710    i.vTaskPlaceOnEventList  tasks.o
    0x08001b18   0x08001b18   0x00000040   Code   RO         2711    i.vTaskPlaceOnEventListRestricted  tasks.o
    0x08001b58   0x08001b58   0x00000058   Code   RO         2719    i.vTaskStartScheduler  tasks.o
    0x08001bb0   0x08001bb0   0x00000010   Code   RO         2721    i.vTaskSuspendAll   tasks.o
    0x08001bc0   0x08001bc0   0x00000048   Code   RO         2722    i.vTaskSwitchContext  tasks.o
    0x08001c08   0x08001c08   0x0000009c   Code   RO         3298    i.xPortStartScheduler  port.o
    0x08001ca4   0x08001ca4   0x0000002c   Code   RO         3299    i.xPortSysTickHandler  port.o
    0x08001cd0   0x08001cd0   0x00000054   Code   RO         2466    i.xQueueGenericCreate  queue.o
    0x08001d24   0x08001d24   0x00000094   Code   RO         2467    i.xQueueGenericReset  queue.o
    0x08001db8   0x08001db8   0x000000f4   Code   RO         2476    i.xQueueReceive     queue.o
    0x08001eac   0x08001eac   0x00000058   Code   RO         2724    i.xTaskCheckForTimeOut  tasks.o
    0x08001f04   0x08001f04   0x0000005c   Code   RO         2725    i.xTaskCreate       tasks.o
    0x08001f60   0x08001f60   0x00000058   Code   RO         2726    i.xTaskDelayUntil   tasks.o
    0x08001fb8   0x08001fb8   0x0000001c   Code   RO         2732    i.xTaskGetSchedulerState  tasks.o
    0x08001fd4   0x08001fd4   0x0000000c   Code   RO         2733    i.xTaskGetTickCount  tasks.o
    0x08001fe0   0x08001fe0   0x00000114   Code   RO         2735    i.xTaskIncrementTick  tasks.o
    0x080020f4   0x080020f4   0x00000090   Code   RO         2736    i.xTaskPriorityDisinherit  tasks.o
    0x08002184   0x08002184   0x000000cc   Code   RO         2738    i.xTaskRemoveFromEventList  tasks.o
    0x08002250   0x08002250   0x00000118   Code   RO         2739    i.xTaskResumeAll    tasks.o
    0x08002368   0x08002368   0x0000003c   Code   RO         3075    i.xTimerCreateTimerTask  timers.o
    0x080023a4   0x080023a4   0x0000000a   Code   RO         3525    x$fpl$fpinit        fz_wm.l(fpinit.o)
    0x080023ae   0x080023ae   0x00000a64   Data   RO         2136    .constdata          oled.o
    0x08002e12   0x08002e12   0x00000002   PAD
    0x08002e14   0x08002e14   0x00000014   Data   RO         2215    .constdata          show.o
    0x08002e28   0x08002e28   0x00000020   Data   RO         3593    Region$$Table       anon$$obj.o


    Execution Region RW_IRAM1 (Exec base: 0x20000000, Load base: 0x08002e48, Size: 0x00005e58, Max: 0x00020000, ABSOLUTE)

    Exec Addr    Load Addr    Size         Type   Attr      Idx    E Section Name        Object

    0x20000000   0x08002e48   0x00000014   Data   RW          183    .data               system_stm32f4xx.o
    0x20000014   0x08002e5c   0x00000004   Data   RW          219    .data               main.o
    0x20000018   0x08002e60   0x00000008   Data   RW         2011    .data               delay.o
    0x20000020   0x08002e68   0x00000004   Data   RW         2062    .data               led.o
    0x20000024   0x08002e6c   0x00000004   Data   RW         2094    .data               buz.o
    0x20000028   0x08002e70   0x00000004   Data   RW         2216    .data               show.o
    0x2000002c   0x08002e74   0x00000040   Data   RW         2742    .data               tasks.o
    0x2000006c   0x08002eb4   0x00000014   Data   RW         3085    .data               timers.o
    0x20000080   0x08002ec8   0x0000001c   Data   RW         3231    .data               heap_4.o
    0x2000009c   0x08002ee4   0x0000000c   Data   RW         3300    .data               port.o
    0x200000a8        -       0x00000400   Zero   RW         2135    .bss                oled.o
    0x200004a8        -       0x00000040   Zero   RW         2483    .bss                queue.o
    0x200004e8        -       0x000002e4   Zero   RW         2741    .bss                tasks.o
    0x200007cc        -       0x00000028   Zero   RW         3084    .bss                timers.o
    0x200007f4        -       0x00005000   Zero   RW         3230    .bss                heap_4.o
    0x200057f4        -       0x00000060   Zero   RW         3467    .bss                c_w.l(libspace.o)
    0x20005854   0x08002ef0   0x00000004   PAD
    0x20005858        -       0x00000200   Zero   RW            2    HEAP                startup_stm32f40_41xxx.o
    0x20005a58        -       0x00000400   Zero   RW            1    STACK               startup_stm32f40_41xxx.o


==============================================================================

Image component sizes


      Code (inc. data)   RO Data    RW Data    ZI Data      Debug   Object Name

        96         16          0          4          0       1178   buz.o
       212         20          0          8          0       3001   delay.o
         0          0          0          0          0      14476   event_groups.o
       364         22          0         28      20480       4611   heap_4.o
        96         16          0          4          0       1178   led.o
       138          0          0          0          0       3170   list.o
       184         74          0          4          0     245056   main.o
        44         10          0          0          0       1081   misc.o
       742         42       2660          0       1024       5574   oled.o
       546         60          0         12          0       9568   port.o
       972         18          0          0         64      13271   queue.o
       142         30         20          4          0       1303   show.o
        64         26        392          0       1536        836   startup_stm32f40_41xxx.o
       124          0          0          0          0       1631   stm32f4xx_gpio.o
        12          0          0          0          0      14081   stm32f4xx_it.o
        12          6          0          0          0        522   stm32f4xx_pwr.o
        76         18          0          0          0       1726   stm32f4xx_rcc.o
        32          0          0          0          0        481   system.o
       272         36          0         20          0       1713   system_stm32f4xx.o
      2392        194          0         64        740      33531   tasks.o
       748         82          0         20         40      10534   timers.o

    ----------------------------------------------------------------------
      7280        670       3106        168      23884     368522   Object Totals
         0          0         32          0          0          0   (incl. Generated)
        12          0          2          0          0          0   (incl. Padding)

    ----------------------------------------------------------------------

      Code (inc. data)   RO Data    RW Data    ZI Data      Debug   Library Member Name

         8          0          0          0          0         68   __main.o
       284          0          0          0          0        156   __printf_wp.o
         0          0          0          0          0          0   __rtentry.o
        12          0          0          0          0          0   __rtentry2.o
         6          0          0          0          0          0   __rtentry4.o
        52          8          0          0          0          0   __scatter.o
        26          0          0          0          0          0   __scatter_copy.o
        28          0          0          0          0          0   __scatter_zi.o
        48          6          0          0          0         96   _printf_char_common.o
         6          0          0          0          0          0   _printf_d.o
       120         16          0          0          0         92   _printf_dec.o
       178          0          0          0          0         88   _printf_intcommon.o
        78          0          0          0          0        108   _printf_pad.o
         0          0          0          0          0          0   _printf_percent.o
         4          0          0          0          0          0   _printf_percent_end.o
        10          0          0          0          0         68   _sputc.o
        16          0          0          0          0         68   aeabi_memset.o
        18          0          0          0          0         80   exit.o
         6          0          0          0          0        152   heapauxi.o
         0          0          0          0          0          0   indicate_semi.o
         2          0          0          0          0          0   libinit.o
         6          0          0          0          0          0   libinit2.o
         2          0          0          0          0          0   libshutdown.o
         2          0          0          0          0          0   libshutdown2.o
         8          4          0          0         96         68   libspace.o
        40          6          0          0          0         84   noretval__2sprintf.o
        68          0          0          0          0         68   rt_memclr.o
        78          0          0          0          0         80   rt_memclr_w.o
       138          0          0          0          0         68   rt_memcpy_v6.o
       100          0          0          0          0         80   rt_memcpy_w.o
         2          0          0          0          0          0   rtexit.o
        10          0          0          0          0          0   rtexit2.o
        12          4          0          0          0         68   sys_exit.o
        74          0          0          0          0         80   sys_stackheap_outer.o
         2          0          0          0          0         68   use_no_semi.o
        10          0          0          0          0        116   fpinit.o

    ----------------------------------------------------------------------
      1462         44          0          0        100       1756   Library Totals
         8          0          0          0          4          0   (incl. Padding)

    ----------------------------------------------------------------------

      Code (inc. data)   RO Data    RW Data    ZI Data      Debug   Library Name

      1444         44          0          0         96       1640   c_w.l
        10          0          0          0          0        116   fz_wm.l

    ----------------------------------------------------------------------
      1462         44          0          0        100       1756   Library Totals

    ----------------------------------------------------------------------

==============================================================================


      Code (inc. data)   RO Data    RW Data    ZI Data      Debug   

      8742        714       3106        168      23984     360346   Grand Totals
      8742        714       3106        168      23984     360346   ELF Image Totals
      8742        714       3106        168          0          0   ROM Totals

==============================================================================

    Total RO  Size (Code + RO Data)                11848 (  11.57kB)
    Total RW  Size (RW Data + ZI Data)             24152 (  23.59kB)
    Total ROM Size (Code + RO Data + RW Data)      12016 (  11.73kB)

==============================================================================

